{"asetId":1,"kategori":"SPK_KALKULASI","keyword":"Samsung Galaxy S24 Ultra Samsung HP","level":"info","message":"[SPK] Mulai pencarian data pembanding","service":"lelang-spk-backend","timestamp":"2026-07-02T11:34:21.570Z"}
{"kategori":"SPK_KALKULASI","keyword":"Samsung Galaxy S24 Ultra Samsung HP","level":"info","message":"[SPK] Scraping OLX dimulai","service":"lelang-spk-backend","timestamp":"2026-07-02T11:34:21.571Z","url":"https://www.olx.co.id/items/q-Samsung-Galaxy-S24-Ultra-Samsung-HP"}
{"error":"timeout of 15000ms exceeded","keyword":"Samsung Galaxy S24 Ultra Samsung HP","level":"warn","message":"Scraping OLX gagal","service":"lelang-spk-backend","timestamp":"2026-07-02T11:34:36.632Z"}
{"kategori":"SPK_KALKULASI","keyword":"Samsung Galaxy S24 Ultra Samsung HP","level":"info","message":"[SPK] Scraping Tokopedia dimulai","service":"lelang-spk-backend","timestamp":"2026-07-02T11:34:36.634Z","url":"https://www.tokopedia.com/search?st=product&q=Samsung%20Galaxy%20S24%20Ultra%20Samsung%20HP"}
{"ditemukan":0,"kategori":"SPK_KALKULASI","keyword":"Samsung Galaxy S24 Ultra Samsung HP","level":"info","message":"[SPK] Scraping Tokopedia selesai","service":"lelang-spk-backend","timestamp":"2026-07-02T11:34:37.449Z"}
{"asetId":1,"level":"warn","message":"Scraping kurang dari 3 hasil, menggunakan fallback dengan URL nyata","scraped":0,"service":"lelang-spk-backend","timestamp":"2026-07-02T11:34:37.450Z"}
{"asetId":1,"dariFallback":5,"dariScraping":5,"kategori":"SPK_KALKULASI","level":"info","message":"[SPK] Pencarian data pembanding selesai","service":"lelang-spk-backend","timestamp":"2026-07-02T11:34:37.451Z","total":8}
{"asetId":1,"kategori":"SPK_KALKULASI","keyword":"Samsung Galaxy S24 Ultra","level":"info","message":"[SPK] Mulai pencarian data pembanding","service":"lelang-spk-backend","timestamp":"2026-07-02T11:35:43.264Z"}
{"kategori":"SPK_KALKULASI","keyword":"Samsung Galaxy S24 Ultra","level":"info","message":"[SPK] Scraping OLX dimulai","service":"lelang-spk-backend","timestamp":"2026-07-02T11:35:43.266Z","url":"https://www.olx.co.id/items/q-Samsung-Galaxy-S24-Ultra"}
{"error":"timeout of 10000ms exceeded","keyword":"Samsung Galaxy S24 Ultra","level":"warn","message":"Scraping OLX tidak merespons, berpindah ke pencarian resmi","service":"lelang-spk-backend","timestamp":"2026-07-02T11:35:53.357Z"}
{"asetId":1,"keyword":"Samsung Galaxy S24 Ultra","level":"info","message":"Menggunakan URL pencarian marketplace resmi","service":"lelang-spk-backend","timestamp":"2026-07-02T11:35:53.361Z"}
{"asetId":1,"kategori":"SPK_KALKULASI","level":"info","message":"[SPK] Selesai memproses data pembanding","service":"lelang-spk-backend","timestamp":"2026-07-02T11:35:53.364Z","total":6}
{"asetId":11,"kategori":"SPK_KALKULASI","keyword":"Toyota Avanza 2020 G M/T","level":"info","message":"[SPK] Mulai pencarian data pembanding","service":"lelang-spk-backend","timestamp":"2026-07-02T11:39:22.082Z"}
{"kategori":"SPK_KALKULASI","keyword":"Toyota Avanza 2020 G M/T","level":"info","message":"[SPK] Scraping OLX dimulai","service":"lelang-spk-backend","timestamp":"2026-07-02T11:39:22.084Z","url":"https://www.olx.co.id/items/q-Toyota-Avanza-2020-G-M%2FT"}
{"error":"timeout of 10000ms exceeded","keyword":"Toyota Avanza 2020 G M/T","level":"warn","message":"Scraping OLX tidak merespons, berpindah ke pencarian resmi","service":"lelang-spk-backend","timestamp":"2026-07-02T11:39:32.150Z"}
{"asetId":11,"keyword":"Toyota Avanza 2020 G M/T","level":"info","message":"Menggunakan URL pencarian marketplace resmi","service":"lelang-spk-backend","timestamp":"2026-07-02T11:39:32.151Z"}
{"asetId":11,"kategori":"SPK_KALKULASI","level":"info","message":"[SPK] Selesai memproses data pembanding","service":"lelang-spk-backend","timestamp":"2026-07-02T11:39:32.152Z","total":6}
{"level":"info","message":"✅ Server & WebSocket berjalan di http://localhost:5000","service":"lelang-spk-backend","timestamp":"2026-07-02T11:39:57.999Z"}
{"level":"info","message":"📊 Environment: development","service":"lelang-spk-backend","timestamp":"2026-07-02T11:39:58.000Z"}
{"asetId":41,"kategori":"SPK_KALKULASI","keyword":"HP Samsung Galaxy S24 Ultra","level":"info","message":"[SPK] Mulai pencarian data pembanding","service":"lelang-spk-backend","timestamp":"2026-07-02T11:40:16.527Z"}
{"kategori":"SPK_KALKULASI","keyword":"HP Samsung Galaxy S24 Ultra","level":"info","message":"[SPK] Scraping OLX dimulai","service":"lelang-spk-backend","timestamp":"2026-07-02T11:40:16.528Z","url":"https://www.olx.co.id/items/q-HP-Samsung-Galaxy-S24-Ultra"}
{"asetId":41,"kategori":"SPK_KALKULASI","keyword":"HP Samsung Galaxy S24 Ultra","level":"info","message":"[SPK] Mulai pencarian data pembanding","service":"lelang-spk-backend","timestamp":"2026-07-02T11:40:22.665Z"}
{"kategori":"SPK_KALKULASI","keyword":"HP Samsung Galaxy S24 Ultra","level":"info","message":"[SPK] Scraping OLX dimulai","service":"lelang-spk-backend","timestamp":"2026-07-02T11:40:22.666Z","url":"https://www.olx.co.id/items/q-HP-Samsung-Galaxy-S24-Ultra"}
{"error":"timeout of 10000ms exceeded","keyword":"HP Samsung Galaxy S24 Ultra","level":"warn","message":"Scraping OLX tidak merespons, berpindah ke pencarian resmi","service":"lelang-spk-backend","timestamp":"2026-07-02T11:40:26.587Z"}
{"asetId":41,"keyword":"HP Samsung Galaxy S24 Ultra","level":"info","message":"Menggunakan URL pencarian marketplace resmi","service":"lelang-spk-backend","timestamp":"2026-07-02T11:40:26.587Z"}
{"asetId":41,"kategori":"SPK_KALKULASI","level":"info","message":"[SPK] Selesai memproses data pembanding","service":"lelang-spk-backend","timestamp":"2026-07-02T11:40:26.588Z","total":6}
{"error":"timeout of 10000ms exceeded","keyword":"HP Samsung Galaxy S24 Ultra","level":"warn","message":"Scraping OLX tidak merespons, berpindah ke pencarian resmi","service":"lelang-spk-backend","timestamp":"2026-07-02T11:40:32.676Z"}
{"asetId":41,"keyword":"HP Samsung Galaxy S24 Ultra","level":"info","message":"Menggunakan URL pencarian marketplace resmi","service":"lelang-spk-backend","timestamp":"2026-07-02T11:40:32.676Z"}
{"asetId":41,"kategori":"SPK_KALKULASI","level":"info","message":"[SPK] Selesai memproses data pembanding","service":"lelang-spk-backend","timestamp":"2026-07-02T11:40:32.677Z","total":6}
{"asetId":1,"kategori":"SPK_KALKULASI","keyword":"Honda Beat","level":"info","message":"[SPK] Mulai real scraping data pembanding via Puppeteer","service":"lelang-spk-backend","timestamp":"2026-07-02T11:56:19.359Z"}
{"asetId":1,"kategori":"SPK_KALKULASI","keyword":"Honda Beat","level":"info","message":"[SPK] Puppeteer Real Scraping Dimulai","service":"lelang-spk-backend","timestamp":"2026-07-02T11:56:19.360Z"}
{"kategori":"SPK_KALKULASI","keyword":"Honda Beat","level":"info","message":"[SPK] Puppeteer: Membuka browser ke OLX","searchUrl":"https://www.olx.co.id/items/q-Honda-Beat","service":"lelang-spk-backend","timestamp":"2026-07-02T11:56:19.361Z"}
{"error":"Could not find Chrome (ver. 150.0.7871.24). This can occur if either\n 1. you did not perform an installation before running the script (e.g. `npx puppeteer browsers install chrome`) or\n 2. your cache path is incorrectly configured (which is: C:\\Users\\McCrazy\\.cache\\puppeteer).\nFor (2), check out our guide on configuring puppeteer at https://pptr.dev/guides/configuration.","level":"warn","message":"Puppeteer: Scrape OLX gagal/timeout","service":"lelang-spk-backend","timestamp":"2026-07-02T11:56:19.475Z"}
{"kategori":"SPK_KALKULASI","keyword":"Honda Beat","level":"info","message":"[SPK] Puppeteer: Membuka browser ke Carmudi","searchUrl":"https://www.carmudi.co.id/cars/?q=Honda%20Beat","service":"lelang-spk-backend","timestamp":"2026-07-02T11:56:19.476Z"}
{"error":"Could not find Chrome (ver. 150.0.7871.24). This can occur if either\n 1. you did not perform an installation before running the script (e.g. `npx puppeteer browsers install chrome`) or\n 2. your cache path is incorrectly configured (which is: C:\\Users\\McCrazy\\.cache\\puppeteer).\nFor (2), check out our guide on configuring puppeteer at https://pptr.dev/guides/configuration.","level":"warn","message":"Puppeteer: Scrape Carmudi gagal","service":"lelang-spk-backend","timestamp":"2026-07-02T11:56:19.571Z"}
{"asetId":1,"foundRealCount":0,"level":"info","message":"Puppeteer real data < 3, menyertakan link pencarian resmi","service":"lelang-spk-backend","timestamp":"2026-07-02T11:56:19.571Z"}
{"asetId":1,"kategori":"SPK_KALKULASI","level":"info","message":"[SPK] Pencarian data pembanding selesai","realScrapedCount":2,"service":"lelang-spk-backend","timestamp":"2026-07-02T11:56:19.572Z","totalCount":6}
{"kategori":"SPK_KALKULASI","keyword":"Honda Beat","level":"info","message":"[SPK] Puppeteer: Membuka browser ke OLX","searchUrl":"https://www.olx.co.id/items/q-Honda-Beat","service":"lelang-spk-backend","timestamp":"2026-07-02T11:56:34.354Z"}
{"error":"Could not find Chrome (ver. 150.0.7871.24). This can occur if either\n 1. you did not perform an installation before running the script (e.g. `npx puppeteer browsers install chrome`) or\n 2. your cache path is incorrectly configured (which is: C:\\Users\\McCrazy\\.cache\\puppeteer).\nFor (2), check out our guide on configuring puppeteer at https://pptr.dev/guides/configuration.","level":"warn","message":"Puppeteer: Scrape OLX gagal/timeout","service":"lelang-spk-backend","timestamp":"2026-07-02T11:56:34.459Z"}
{"kategori":"SPK_KALKULASI","keyword":"Beat","level":"info","message":"[SPK] Puppeteer: Membuka browser ke OLX","searchUrl":"https://www.olx.co.id/items/q-Beat","service":"lelang-spk-backend","timestamp":"2026-07-02T11:56:56.893Z"}
{"error":"Could not find Chrome (ver. 150.0.7871.24). This can occur if either\n 1. you did not perform an installation before running the script (e.g. `npx puppeteer browsers install chrome`) or\n 2. your cache path is incorrectly configured (which is: C:\\Users\\McCrazy\\.cache\\puppeteer).\nFor (2), check out our guide on configuring puppeteer at https://pptr.dev/guides/configuration.","level":"warn","message":"Puppeteer: Scrape OLX gagal/timeout","service":"lelang-spk-backend","timestamp":"2026-07-02T11:56:56.983Z"}
{"kategori":"SPK_KALKULASI","keyword":"Beat","level":"info","message":"[SPK] Puppeteer: Membuka browser ke OLX","searchUrl":"https://www.olx.co.id/items/q-Beat","service":"lelang-spk-backend","timestamp":"2026-07-02T11:57:18.564Z"}
{"kategori":"SPK_KALKULASI","level":"info","message":"[SPK] Puppeteer: Scrape OLX berhasil","service":"lelang-spk-backend","timestamp":"2026-07-02T11:57:20.792Z","total":3}
{"level":"info","message":"✅ Server & WebSocket berjalan di http://localhost:5000","service":"lelang-spk-backend","timestamp":"2026-07-02T12:00:34.518Z"}
{"level":"info","message":"📊 Environment: development","service":"lelang-spk-backend","timestamp":"2026-07-02T12:00:34.519Z"}
{"asetId":41,"kategori":"SPK_KALKULASI","keyword":"HP Samsung Galaxy S24 Ultra","level":"info","message":"[SPK] Mulai real scraping data pembanding via Puppeteer","service":"lelang-spk-backend","timestamp":"2026-07-02T12:00:39.063Z"}
{"asetId":41,"kategori":"SPK_KALKULASI","keyword":"HP Samsung Galaxy S24 Ultra","level":"info","message":"[SPK] Puppeteer Real Scraping Dimulai","service":"lelang-spk-backend","timestamp":"2026-07-02T12:00:39.063Z"}
{"kategori":"SPK_KALKULASI","keyword":"HP Samsung Galaxy S24 Ultra","level":"info","message":"[SPK] Puppeteer: Membuka browser ke OLX","searchUrl":"https://www.olx.co.id/items/q-HP-Samsung-Galaxy-S24-Ultra","service":"lelang-spk-backend","timestamp":"2026-07-02T12:00:39.064Z"}
{"kategori":"SPK_KALKULASI","level":"info","message":"[SPK] Puppeteer: Scrape OLX berhasil","service":"lelang-spk-backend","timestamp":"2026-07-02T12:00:41.241Z","total":1}
{"asetId":41,"foundRealCount":1,"level":"info","message":"Puppeteer real data < 3, menyertakan link pencarian resmi","service":"lelang-spk-backend","timestamp":"2026-07-02T12:00:41.500Z"}
{"asetId":41,"kategori":"SPK_KALKULASI","level":"info","message":"[SPK] Pencarian data pembanding selesai","realScrapedCount":3,"service":"lelang-spk-backend","timestamp":"2026-07-02T12:00:41.501Z","totalCount":6}
{"asetId":41,"kategori":"SPK_KALKULASI","keyword":"HP Samsung Galaxy S24 Ultra","level":"info","message":"[SPK] Mulai real scraping data pembanding via Puppeteer","service":"lelang-spk-backend","timestamp":"2026-07-02T12:00:52.312Z"}
{"asetId":41,"kategori":"SPK_KALKULASI","keyword":"HP Samsung Galaxy S24 Ultra","level":"info","message":"[SPK] Puppeteer Real Scraping Dimulai","service":"lelang-spk-backend","timestamp":"2026-07-02T12:00:52.312Z"}
{"kategori":"SPK_KALKULASI","keyword":"HP Samsung Galaxy S24 Ultra","level":"info","message":"[SPK] Puppeteer: Membuka browser ke OLX","searchUrl":"https://www.olx.co.id/items/q-HP-Samsung-Galaxy-S24-Ultra","service":"lelang-spk-backend","timestamp":"2026-07-02T12:00:52.312Z"}
{"kategori":"SPK_KALKULASI","level":"info","message":"[SPK] Puppeteer: Scrape OLX berhasil","service":"lelang-spk-backend","timestamp":"2026-07-02T12:00:54.475Z","total":1}
{"asetId":41,"foundRealCount":1,"level":"info","message":"Puppeteer real data < 3, menyertakan link pencarian resmi","service":"lelang-spk-backend","timestamp":"2026-07-02T12:00:54.665Z"}
{"asetId":41,"kategori":"SPK_KALKULASI","level":"info","message":"[SPK] Pencarian data pembanding selesai","realScrapedCount":3,"service":"lelang-spk-backend","timestamp":"2026-07-02T12:00:54.666Z","totalCount":6}
{"asetId":41,"kategori":"SPK_KALKULASI","keyword":"HP Samsung Galaxy S24 Ultra","level":"info","message":"[SPK] Mulai real scraping data pembanding via Puppeteer","service":"lelang-spk-backend","timestamp":"2026-07-02T12:01:13.635Z"}
{"asetId":41,"kategori":"SPK_KALKULASI","keyword":"HP Samsung Galaxy S24 Ultra","level":"info","message":"[SPK] Puppeteer Real Scraping Dimulai","service":"lelang-spk-backend","timestamp":"2026-07-02T12:01:13.635Z"}
{"kategori":"SPK_KALKULASI","keyword":"HP Samsung Galaxy S24 Ultra","level":"info","message":"[SPK] Puppeteer: Membuka browser ke OLX","searchUrl":"https://www.olx.co.id/items/q-HP-Samsung-Galaxy-S24-Ultra","service":"lelang-spk-backend","timestamp":"2026-07-02T12:01:13.635Z"}
{"kategori":"SPK_KALKULASI","level":"info","message":"[SPK] Puppeteer: Scrape OLX berhasil","service":"lelang-spk-backend","timestamp":"2026-07-02T12:01:15.470Z","total":1}
{"asetId":41,"foundRealCount":1,"level":"info","message":"Puppeteer real data < 3, menyertakan link pencarian resmi","service":"lelang-spk-backend","timestamp":"2026-07-02T12:01:15.672Z"}
{"asetId":41,"kategori":"SPK_KALKULASI","level":"info","message":"[SPK] Pencarian data pembanding selesai","realScrapedCount":3,"service":"lelang-spk-backend","timestamp":"2026-07-02T12:01:15.672Z","totalCount":6}
{"level":"info","message":"✅ Server & WebSocket berjalan di http://localhost:5000","service":"lelang-spk-backend","timestamp":"2026-07-03T02:33:56.890Z"}
{"level":"info","message":"📊 Environment: development","service":"lelang-spk-backend","timestamp":"2026-07-03T02:33:56.891Z"}
{"asetId":41,"kategori":"SPK_KALKULASI","keyword":"HP Samsung Galaxy S24 Ultra","level":"info","message":"[SPK] Mulai real scraping data pembanding via Puppeteer","service":"lelang-spk-backend","timestamp":"2026-07-03T02:36:03.505Z"}
{"asetId":41,"kategori":"SPK_KALKULASI","keyword":"HP Samsung Galaxy S24 Ultra","level":"info","message":"[SPK] Puppeteer Real Scraping Dimulai","service":"lelang-spk-backend","timestamp":"2026-07-03T02:36:03.506Z"}
{"kategori":"SPK_KALKULASI","keyword":"HP Samsung Galaxy S24 Ultra","level":"info","message":"[SPK] Puppeteer: Membuka browser ke OLX","searchUrl":"https://www.olx.co.id/items/q-HP-Samsung-Galaxy-S24-Ultra","service":"lelang-spk-backend","timestamp":"2026-07-03T02:36:03.507Z"}
{"kategori":"SPK_KALKULASI","level":"info","message":"[SPK] Puppeteer: Scrape OLX berhasil","service":"lelang-spk-backend","timestamp":"2026-07-03T02:36:05.814Z","total":1}
{"asetId":41,"foundRealCount":1,"level":"info","message":"Puppeteer real data < 3, menyertakan link pencarian resmi","service":"lelang-spk-backend","timestamp":"2026-07-03T02:36:06.145Z"}
{"asetId":41,"kategori":"SPK_KALKULASI","level":"info","message":"[SPK] Pencarian data pembanding selesai","realScrapedCount":3,"service":"lelang-spk-backend","timestamp":"2026-07-03T02:36:06.147Z","totalCount":6}
{"asetId":41,"kategori":"SPK_KALKULASI","keyword":"HP Samsung Galaxy S24 Ultra","level":"info","message":"[SPK] Mulai real scraping data pembanding via Puppeteer","service":"lelang-spk-backend","timestamp":"2026-07-03T02:36:48.252Z"}
{"asetId":41,"kategori":"SPK_KALKULASI","keyword":"HP Samsung Galaxy S24 Ultra","level":"info","message":"[SPK] Puppeteer Real Scraping Dimulai","service":"lelang-spk-backend","timestamp":"2026-07-03T02:36:48.253Z"}
{"kategori":"SPK_KALKULASI","keyword":"HP Samsung Galaxy S24 Ultra","level":"info","message":"[SPK] Puppeteer: Membuka browser ke OLX","searchUrl":"https://www.olx.co.id/items/q-HP-Samsung-Galaxy-S24-Ultra","service":"lelang-spk-backend","timestamp":"2026-07-03T02:36:48.253Z"}
{"kategori":"SPK_KALKULASI","level":"info","message":"[SPK] Puppeteer: Scrape OLX berhasil","service":"lelang-spk-backend","timestamp":"2026-07-03T02:36:51.185Z","total":1}
{"asetId":41,"foundRealCount":1,"level":"info","message":"Puppeteer real data < 3, menyertakan link pencarian resmi","service":"lelang-spk-backend","timestamp":"2026-07-03T02:36:51.479Z"}
{"asetId":41,"kategori":"SPK_KALKULASI","level":"info","message":"[SPK] Pencarian data pembanding selesai","realScrapedCount":3,"service":"lelang-spk-backend","timestamp":"2026-07-03T02:36:51.479Z","totalCount":6}
{"asetId":42,"kategori":"SPK_KALKULASI","keyword":"Motor Supra X Honda","level":"info","message":"[SPK] Mulai real scraping data pembanding via Puppeteer","service":"lelang-spk-backend","timestamp":"2026-07-03T02:39:15.110Z"}
{"asetId":42,"kategori":"SPK_KALKULASI","keyword":"Motor Supra X Honda","level":"info","message":"[SPK] Puppeteer Real Scraping Dimulai","service":"lelang-spk-backend","timestamp":"2026-07-03T02:39:15.111Z"}
{"kategori":"SPK_KALKULASI","keyword":"Motor Supra X Honda","level":"info","message":"[SPK] Puppeteer: Membuka browser ke OLX","searchUrl":"https://www.olx.co.id/items/q-Motor-Supra-X-Honda","service":"lelang-spk-backend","timestamp":"2026-07-03T02:39:15.111Z"}
{"kategori":"SPK_KALKULASI","level":"info","message":"[SPK] Puppeteer: Scrape OLX berhasil","service":"lelang-spk-backend","timestamp":"2026-07-03T02:39:17.270Z","total":6}
{"asetId":42,"kategori":"SPK_KALKULASI","level":"info","message":"[SPK] Pencarian data pembanding selesai","realScrapedCount":6,"service":"lelang-spk-backend","timestamp":"2026-07-03T02:39:17.458Z","totalCount":6}
{"error":"Template dokumen \"surat_penetapan.docx\" belum tersedia. Buat file template terlebih dahulu di folder: C:\\Users\\McCrazy\\Documents\\kampus\\TA\\code\\backend\\templates","level":"error","message":"Gagal generate dokumen","service":"lelang-spk-backend","stack":"Error: Template dokumen \"surat_penetapan.docx\" belum tersedia. Buat file template terlebih dahulu di folder: C:\\Users\\McCrazy\\Documents\\kampus\\TA\\code\\backend\\templates\n    at generateDokumen (file:///C:/Users/McCrazy/Documents/kampus/TA/code/backend/src/services/dokumen.service.js:163:11)\n    at generateDokumenController (file:///C:/Users/McCrazy/Documents/kampus/TA/code/backend/src/controllers/dokumen.controller.js:38:27)\n    at Layer.handleRequest (C:\\Users\\McCrazy\\Documents\\kampus\\TA\\code\\backend\\node_modules\\router\\lib\\layer.js:152:17)\n    at next (C:\\Users\\McCrazy\\Documents\\kampus\\TA\\code\\backend\\node_modules\\router\\lib\\route.js:157:13)\n    at verifyAdmin (file:///C:/Users/McCrazy/Documents/kampus/TA/code/backend/src/middleware/auth.middleware.js:28:3)\n    at Layer.handleRequest (C:\\Users\\McCrazy\\Documents\\kampus\\TA\\code\\backend\\node_modules\\router\\lib\\layer.js:152:17)\n    at next (C:\\Users\\McCrazy\\Documents\\kampus\\TA\\code\\backend\\node_modules\\router\\lib\\route.js:157:13)\n    at file:///C:/Users/McCrazy/Documents/kampus/TA/code/backend/src/middleware/auth.middleware.js:20:5\n    at C:\\Users\\McCrazy\\Documents\\kampus\\TA\\code\\backend\\node_modules\\jsonwebtoken\\verify.js:261:12\n    at getSecret (C:\\Users\\McCrazy\\Documents\\kampus\\TA\\code\\backend\\node_modules\\jsonwebtoken\\verify.js:97:14)","timestamp":"2026-07-03T02:47:24.573Z"}
{"error":"Template dokumen \"berita_acara.docx\" belum tersedia. Buat file template terlebih dahulu di folder: C:\\Users\\McCrazy\\Documents\\kampus\\TA\\code\\backend\\templates","level":"error","message":"Gagal generate dokumen","service":"lelang-spk-backend","stack":"Error: Template dokumen \"berita_acara.docx\" belum tersedia. Buat file template terlebih dahulu di folder: C:\\Users\\McCrazy\\Documents\\kampus\\TA\\code\\backend\\templates\n    at generateDokumen (file:///C:/Users/McCrazy/Documents/kampus/TA/code/backend/src/services/dokumen.service.js:163:11)\n    at generateDokumenController (file:///C:/Users/McCrazy/Documents/kampus/TA/code/backend/src/controllers/dokumen.controller.js:38:27)\n    at Layer.handleRequest (C:\\Users\\McCrazy\\Documents\\kampus\\TA\\code\\backend\\node_modules\\router\\lib\\layer.js:152:17)\n    at next (C:\\Users\\McCrazy\\Documents\\kampus\\TA\\code\\backend\\node_modules\\router\\lib\\route.js:157:13)\n    at verifyAdmin (file:///C:/Users/McCrazy/Documents/kampus/TA/code/backend/src/middleware/auth.middleware.js:28:3)\n    at Layer.handleRequest (C:\\Users\\McCrazy\\Documents\\kampus\\TA\\code\\backend\\node_modules\\router\\lib\\layer.js:152:17)\n    at next (C:\\Users\\McCrazy\\Documents\\kampus\\TA\\code\\backend\\node_modules\\router\\lib\\route.js:157:13)\n    at file:///C:/Users/McCrazy/Documents/kampus/TA/code/backend/src/middleware/auth.middleware.js:20:5\n    at C:\\Users\\McCrazy\\Documents\\kampus\\TA\\code\\backend\\node_modules\\jsonwebtoken\\verify.js:261:12\n    at getSecret (C:\\Users\\McCrazy\\Documents\\kampus\\TA\\code\\backend\\node_modules\\jsonwebtoken\\verify.js:97:14)","timestamp":"2026-07-03T02:47:30.128Z"}
{"host":"127.0.0.1","level":"info","message":"[BullMQ] Scraping Queue & Worker berhasil diinisialisasi","port":6379,"service":"lelang-spk-backend","timestamp":"2026-07-03T03:26:30.874Z"}
{"level":"info","message":"⚙️  BullMQ Scraping Queue aktif (Redis port 6379)","service":"lelang-spk-backend","timestamp":"2026-07-03T03:26:30.876Z"}
{"level":"info","message":"✅ Server & WebSocket berjalan di http://localhost:5000","service":"lelang-spk-backend","timestamp":"2026-07-03T03:26:30.876Z"}
{"level":"info","message":"📊 Environment: development","service":"lelang-spk-backend","timestamp":"2026-07-03T03:26:30.876Z"}
{"host":"127.0.0.1","level":"info","message":"[BullMQ] Scraping Queue & Worker berhasil diinisialisasi","port":6379,"service":"lelang-spk-backend","timestamp":"2026-07-03T03:27:25.537Z"}
{"level":"info","message":"⚙️  BullMQ Scraping Queue aktif (Redis port 6379)","service":"lelang-spk-backend","timestamp":"2026-07-03T03:27:25.539Z"}
{"level":"info","message":"✅ Server & WebSocket berjalan di http://localhost:5000","service":"lelang-spk-backend","timestamp":"2026-07-03T03:27:25.539Z"}
{"level":"info","message":"📊 Environment: development","service":"lelang-spk-backend","timestamp":"2026-07-03T03:27:25.540Z"}
{"jobId":"1","level":"info","message":"[BullMQ] Job scraping dienqueue untuk asetId=41","service":"lelang-spk-backend","timestamp":"2026-07-03T03:28:37.848Z"}
{"level":"info","message":"[BullMQ Worker] Mulai memproses scraping job untuk asetId=41","service":"lelang-spk-backend","timestamp":"2026-07-03T03:28:37.852Z"}
{"asetId":41,"kategori":"SPK_KALKULASI","keyword":"HP Samsung Galaxy S24 Ultra","level":"info","message":"[SPK] Mulai real scraping data pembanding via Puppeteer","service":"lelang-spk-backend","timestamp":"2026-07-03T03:28:37.877Z"}
{"asetId":41,"kategori":"SPK_KALKULASI","keyword":"HP Samsung Galaxy S24 Ultra","level":"info","message":"[SPK] Puppeteer Real Scraping Dimulai","service":"lelang-spk-backend","timestamp":"2026-07-03T03:28:37.878Z"}
{"kategori":"SPK_KALKULASI","keyword":"HP Samsung Galaxy S24 Ultra","level":"info","message":"[SPK] Puppeteer: Membuka browser ke OLX","searchUrl":"https://www.olx.co.id/items/q-HP-Samsung-Galaxy-S24-Ultra","service":"lelang-spk-backend","timestamp":"2026-07-03T03:28:37.879Z"}
{"kategori":"SPK_KALKULASI","level":"info","message":"[SPK] Puppeteer: Scrape OLX berhasil","service":"lelang-spk-backend","timestamp":"2026-07-03T03:28:40.581Z","total":1}
{"asetId":41,"foundRealCount":1,"level":"info","message":"Puppeteer real data < 3, menyertakan link pencarian resmi","service":"lelang-spk-backend","timestamp":"2026-07-03T03:28:41.132Z"}
{"asetId":41,"kategori":"SPK_KALKULASI","level":"info","message":"[SPK] Pencarian data pembanding selesai","realScrapedCount":3,"service":"lelang-spk-backend","timestamp":"2026-07-03T03:28:41.140Z","totalCount":6}
{"level":"info","message":"[BullMQ Worker] Selesai scraping asetId=41, 6 data disimpan","service":"lelang-spk-backend","timestamp":"2026-07-03T03:28:41.187Z"}
{"count":6,"level":"info","message":"[BullMQ] Job 1 selesai","service":"lelang-spk-backend","timestamp":"2026-07-03T03:28:41.198Z"}
{"jobId":"2","level":"info","message":"[BullMQ] Job scraping dienqueue untuk asetId=41","service":"lelang-spk-backend","timestamp":"2026-07-03T03:29:18.544Z"}
{"level":"info","message":"[BullMQ Worker] Mulai memproses scraping job untuk asetId=41","service":"lelang-spk-backend","timestamp":"2026-07-03T03:29:18.546Z"}
{"asetId":41,"kategori":"SPK_KALKULASI","keyword":"HP Samsung Galaxy S24 Ultra","level":"info","message":"[SPK] Mulai real scraping data pembanding via Puppeteer","service":"lelang-spk-backend","timestamp":"2026-07-03T03:29:18.575Z"}
{"asetId":41,"kategori":"SPK_KALKULASI","keyword":"HP Samsung Galaxy S24 Ultra","level":"info","message":"[SPK] Puppeteer Real Scraping Dimulai","service":"lelang-spk-backend","timestamp":"2026-07-03T03:29:18.575Z"}
{"kategori":"SPK_KALKULASI","keyword":"HP Samsung Galaxy S24 Ultra","level":"info","message":"[SPK] Puppeteer: Membuka browser ke OLX","searchUrl":"https://www.olx.co.id/items/q-HP-Samsung-Galaxy-S24-Ultra","service":"lelang-spk-backend","timestamp":"2026-07-03T03:29:18.576Z"}
{"kategori":"SPK_KALKULASI","level":"info","message":"[SPK] Puppeteer: Scrape OLX berhasil","service":"lelang-spk-backend","timestamp":"2026-07-03T03:29:20.800Z","total":1}
{"asetId":41,"foundRealCount":1,"level":"info","message":"Puppeteer real data < 3, menyertakan link pencarian resmi","service":"lelang-spk-backend","timestamp":"2026-07-03T03:29:21.200Z"}
{"asetId":41,"kategori":"SPK_KALKULASI","level":"info","message":"[SPK] Pencarian data pembanding selesai","realScrapedCount":3,"service":"lelang-spk-backend","timestamp":"2026-07-03T03:29:21.203Z","totalCount":6}
{"level":"info","message":"[BullMQ Worker] Selesai scraping asetId=41, 6 data disimpan","service":"lelang-spk-backend","timestamp":"2026-07-03T03:29:21.239Z"}
{"count":6,"level":"info","message":"[BullMQ] Job 2 selesai","service":"lelang-spk-backend","timestamp":"2026-07-03T03:29:21.242Z"}
{"jobId":"3","level":"info","message":"[BullMQ] Job scraping dienqueue untuk asetId=43","service":"lelang-spk-backend","timestamp":"2026-07-03T03:32:05.046Z"}
{"level":"info","message":"[BullMQ Worker] Mulai memproses scraping job untuk asetId=43","service":"lelang-spk-backend","timestamp":"2026-07-03T03:32:05.049Z"}
{"asetId":43,"kategori":"SPK_KALKULASI","keyword":"Ruka 2 Lantai Paal 2 Manado","level":"info","message":"[SPK] Mulai real scraping data pembanding via Puppeteer","service":"lelang-spk-backend","timestamp":"2026-07-03T03:32:05.056Z"}
{"asetId":43,"kategori":"SPK_KALKULASI","keyword":"Ruka 2 Lantai Paal 2 Manado","level":"info","message":"[SPK] Puppeteer Real Scraping Dimulai","service":"lelang-spk-backend","timestamp":"2026-07-03T03:32:05.056Z"}
{"kategori":"SPK_KALKULASI","keyword":"Ruka 2 Lantai Paal 2 Manado","level":"info","message":"[SPK] Puppeteer: Membuka browser ke OLX","searchUrl":"https://www.olx.co.id/items/q-Ruka-2-Lantai-Paal-2-Manado","service":"lelang-spk-backend","timestamp":"2026-07-03T03:32:05.057Z"}
{"kategori":"SPK_KALKULASI","level":"info","message":"[SPK] Puppeteer: Scrape OLX berhasil","service":"lelang-spk-backend","timestamp":"2026-07-03T03:32:18.979Z","total":0}
{"asetId":43,"foundRealCount":0,"level":"info","message":"Puppeteer real data < 3, menyertakan link pencarian resmi","service":"lelang-spk-backend","timestamp":"2026-07-03T03:32:19.645Z"}
{"asetId":43,"kategori":"SPK_KALKULASI","level":"info","message":"[SPK] Pencarian data pembanding selesai","realScrapedCount":2,"service":"lelang-spk-backend","timestamp":"2026-07-03T03:32:19.648Z","totalCount":6}
{"level":"info","message":"[BullMQ Worker] Selesai scraping asetId=43, 6 data disimpan","service":"lelang-spk-backend","timestamp":"2026-07-03T03:32:19.683Z"}
{"count":6,"level":"info","message":"[BullMQ] Job 3 selesai","service":"lelang-spk-backend","timestamp":"2026-07-03T03:32:19.686Z"}
{"jobId":"4","level":"info","message":"[BullMQ] Job scraping dienqueue untuk asetId=43","service":"lelang-spk-backend","timestamp":"2026-07-03T03:32:39.423Z"}
{"level":"info","message":"[BullMQ Worker] Mulai memproses scraping job untuk asetId=43","service":"lelang-spk-backend","timestamp":"2026-07-03T03:32:39.425Z"}
{"asetId":43,"kategori":"SPK_KALKULASI","keyword":"Ruko 2 Lantai Paal 2 Manado","level":"info","message":"[SPK] Mulai real scraping data pembanding via Puppeteer","service":"lelang-spk-backend","timestamp":"2026-07-03T03:32:39.448Z"}
{"asetId":43,"kategori":"SPK_KALKULASI","keyword":"Ruko 2 Lantai Paal 2 Manado","level":"info","message":"[SPK] Puppeteer Real Scraping Dimulai","service":"lelang-spk-backend","timestamp":"2026-07-03T03:32:39.448Z"}
{"kategori":"SPK_KALKULASI","keyword":"Ruko 2 Lantai Paal 2 Manado","level":"info","message":"[SPK] Puppeteer: Membuka browser ke OLX","searchUrl":"https://www.olx.co.id/items/q-Ruko-2-Lantai-Paal-2-Manado","service":"lelang-spk-backend","timestamp":"2026-07-03T03:32:39.449Z"}
{"kategori":"SPK_KALKULASI","level":"info","message":"[SPK] Puppeteer: Scrape OLX berhasil","service":"lelang-spk-backend","timestamp":"2026-07-03T03:32:42.079Z","total":6}
{"asetId":43,"kategori":"SPK_KALKULASI","level":"info","message":"[SPK] Pencarian data pembanding selesai","realScrapedCount":6,"service":"lelang-spk-backend","timestamp":"2026-07-03T03:32:42.476Z","totalCount":6}
{"level":"info","message":"[BullMQ Worker] Selesai scraping asetId=43, 6 data disimpan","service":"lelang-spk-backend","timestamp":"2026-07-03T03:32:42.521Z"}
{"count":6,"level":"info","message":"[BullMQ] Job 4 selesai","service":"lelang-spk-backend","timestamp":"2026-07-03T03:32:42.524Z"}
{"jobId":"5","level":"info","message":"[BullMQ] Job scraping dienqueue untuk asetId=44","service":"lelang-spk-backend","timestamp":"2026-07-03T03:34:20.781Z"}
{"level":"info","message":"[BullMQ Worker] Mulai memproses scraping job untuk asetId=44","service":"lelang-spk-backend","timestamp":"2026-07-03T03:34:20.783Z"}
{"asetId":44,"kategori":"SPK_KALKULASI","keyword":"Ruko 2 Lantai Paal 2 Manado","level":"info","message":"[SPK] Mulai real scraping data pembanding via Puppeteer","service":"lelang-spk-backend","timestamp":"2026-07-03T03:34:20.790Z"}
{"asetId":44,"kategori":"SPK_KALKULASI","keyword":"Ruko 2 Lantai Paal 2 Manado","level":"info","message":"[SPK] Puppeteer Real Scraping Dimulai","service":"lelang-spk-backend","timestamp":"2026-07-03T03:34:20.790Z"}
{"kategori":"SPK_KALKULASI","keyword":"Ruko 2 Lantai Paal 2 Manado","level":"info","message":"[SPK] Puppeteer: Membuka browser ke OLX","searchUrl":"https://www.olx.co.id/items/q-Ruko-2-Lantai-Paal-2-Manado","service":"lelang-spk-backend","timestamp":"2026-07-03T03:34:20.791Z"}
{"kategori":"SPK_KALKULASI","level":"info","message":"[SPK] Puppeteer: Scrape OLX berhasil","service":"lelang-spk-backend","timestamp":"2026-07-03T03:34:23.167Z","total":6}
{"asetId":44,"kategori":"SPK_KALKULASI","level":"info","message":"[SPK] Pencarian data pembanding selesai","realScrapedCount":6,"service":"lelang-spk-backend","timestamp":"2026-07-03T03:34:23.522Z","totalCount":6}
{"level":"info","message":"[BullMQ Worker] Selesai scraping asetId=44, 6 data disimpan","service":"lelang-spk-backend","timestamp":"2026-07-03T03:34:23.561Z"}
{"count":6,"level":"info","message":"[BullMQ] Job 5 selesai","service":"lelang-spk-backend","timestamp":"2026-07-03T03:34:23.563Z"}
{"jobId":"6","level":"info","message":"[BullMQ] Job scraping dienqueue untuk asetId=44","service":"lelang-spk-backend","timestamp":"2026-07-03T03:34:32.971Z"}
{"level":"info","message":"[BullMQ Worker] Mulai memproses scraping job untuk asetId=44","service":"lelang-spk-backend","timestamp":"2026-07-03T03:34:32.972Z"}
{"asetId":44,"kategori":"SPK_KALKULASI","keyword":"Ruko 2 Lantai Paal 2 Manado","level":"info","message":"[SPK] Mulai real scraping data pembanding via Puppeteer","service":"lelang-spk-backend","timestamp":"2026-07-03T03:34:32.993Z"}
{"asetId":44,"kategori":"SPK_KALKULASI","keyword":"Ruko 2 Lantai Paal 2 Manado","level":"info","message":"[SPK] Puppeteer Real Scraping Dimulai","service":"lelang-spk-backend","timestamp":"2026-07-03T03:34:32.993Z"}
{"kategori":"SPK_KALKULASI","keyword":"Ruko 2 Lantai Paal 2 Manado","level":"info","message":"[SPK] Puppeteer: Membuka browser ke OLX","searchUrl":"https://www.olx.co.id/items/q-Ruko-2-Lantai-Paal-2-Manado","service":"lelang-spk-backend","timestamp":"2026-07-03T03:34:32.994Z"}
{"kategori":"SPK_KALKULASI","level":"info","message":"[SPK] Puppeteer: Scrape OLX berhasil","service":"lelang-spk-backend","timestamp":"2026-07-03T03:34:35.495Z","total":6}
{"asetId":44,"kategori":"SPK_KALKULASI","level":"info","message":"[SPK] Pencarian data pembanding selesai","realScrapedCount":6,"service":"lelang-spk-backend","timestamp":"2026-07-03T03:34:35.892Z","totalCount":6}
{"level":"info","message":"[BullMQ Worker] Selesai scraping asetId=44, 6 data disimpan","service":"lelang-spk-backend","timestamp":"2026-07-03T03:34:35.932Z"}
{"count":6,"level":"info","message":"[BullMQ] Job 6 selesai","service":"lelang-spk-backend","timestamp":"2026-07-03T03:34:35.934Z"}
{"host":"127.0.0.1","level":"info","message":"[BullMQ] Scraping Queue & Worker berhasil diinisialisasi","port":6379,"service":"lelang-spk-backend","timestamp":"2026-07-03T03:35:08.866Z"}
{"level":"info","message":"⚙️  BullMQ Scraping Queue aktif (Redis port 6379)","service":"lelang-spk-backend","timestamp":"2026-07-03T03:35:08.868Z"}
{"level":"info","message":"✅ Server & WebSocket berjalan di http://localhost:5000","service":"lelang-spk-backend","timestamp":"2026-07-03T03:35:08.868Z"}
{"level":"info","message":"📊 Environment: development","service":"lelang-spk-backend","timestamp":"2026-07-03T03:35:08.868Z"}
{"jobId":"7","level":"info","message":"[BullMQ] Job scraping dienqueue untuk asetId=44","service":"lelang-spk-backend","timestamp":"2026-07-03T03:35:22.296Z"}
{"level":"info","message":"[BullMQ Worker] Mulai memproses scraping job untuk asetId=44","service":"lelang-spk-backend","timestamp":"2026-07-03T03:35:22.303Z"}
{"asetId":44,"kategori":"SPK_KALKULASI","keyword":"Ruko 2 Lantai Paal 2 Manado","level":"info","message":"[SPK] Mulai real scraping data pembanding via Puppeteer","service":"lelang-spk-backend","timestamp":"2026-07-03T03:35:22.338Z"}
{"asetId":44,"kategori":"SPK_KALKULASI","keyword":"Ruko 2 Lantai Paal 2 Manado","level":"info","message":"[SPK] Puppeteer Real Scraping Dimulai","service":"lelang-spk-backend","timestamp":"2026-07-03T03:35:22.339Z"}
{"kategori":"SPK_KALKULASI","keyword":"Ruko 2 Lantai Paal 2 Manado","level":"info","message":"[SPK] Puppeteer: Membuka browser ke OLX","searchUrl":"https://www.olx.co.id/items/q-Ruko-2-Lantai-Paal-2-Manado","service":"lelang-spk-backend","timestamp":"2026-07-03T03:35:22.341Z"}
{"kategori":"SPK_KALKULASI","level":"info","message":"[SPK] Puppeteer: Scrape OLX berhasil","service":"lelang-spk-backend","timestamp":"2026-07-03T03:35:24.802Z","total":6}
{"asetId":44,"kategori":"SPK_KALKULASI","level":"info","message":"[SPK] Pencarian data pembanding selesai","realScrapedCount":6,"service":"lelang-spk-backend","timestamp":"2026-07-03T03:35:25.060Z","totalCount":6}
{"level":"info","message":"[BullMQ Worker] Selesai scraping asetId=44, 6 data disimpan","service":"lelang-spk-backend","timestamp":"2026-07-03T03:35:25.103Z"}
{"count":6,"level":"info","message":"[BullMQ] Job 7 selesai","service":"lelang-spk-backend","timestamp":"2026-07-03T03:35:25.107Z"}
{"jobId":"8","level":"info","message":"[BullMQ] Job scraping dienqueue untuk asetId=44","service":"lelang-spk-backend","timestamp":"2026-07-03T03:36:09.455Z"}
{"level":"info","message":"[BullMQ Worker] Mulai memproses scraping job untuk asetId=44","service":"lelang-spk-backend","timestamp":"2026-07-03T03:36:09.459Z"}
{"asetId":44,"kategori":"SPK_KALKULASI","keyword":"Ruko 2 Lantai Paal 2 Manado","level":"info","message":"[SPK] Mulai real scraping data pembanding via Puppeteer","service":"lelang-spk-backend","timestamp":"2026-07-03T03:36:09.488Z"}
{"asetId":44,"kategori":"SPK_KALKULASI","keyword":"Ruko 2 Lantai Paal 2 Manado","level":"info","message":"[SPK] Puppeteer Real Scraping Dimulai","service":"lelang-spk-backend","timestamp":"2026-07-03T03:36:09.489Z"}
{"kategori":"SPK_KALKULASI","keyword":"Ruko 2 Lantai Paal 2 Manado","level":"info","message":"[SPK] Puppeteer: Membuka browser ke OLX","searchUrl":"https://www.olx.co.id/items/q-Ruko-2-Lantai-Paal-2-Manado","service":"lelang-spk-backend","timestamp":"2026-07-03T03:36:09.490Z"}
{"kategori":"SPK_KALKULASI","level":"info","message":"[SPK] Puppeteer: Scrape OLX berhasil","service":"lelang-spk-backend","timestamp":"2026-07-03T03:36:11.958Z","total":6}
{"asetId":44,"kategori":"SPK_KALKULASI","level":"info","message":"[SPK] Pencarian data pembanding selesai","realScrapedCount":6,"service":"lelang-spk-backend","timestamp":"2026-07-03T03:36:12.411Z","totalCount":6}
{"level":"info","message":"[BullMQ Worker] Selesai scraping asetId=44, 6 data disimpan","service":"lelang-spk-backend","timestamp":"2026-07-03T03:36:12.450Z"}
{"count":6,"level":"info","message":"[BullMQ] Job 8 selesai","service":"lelang-spk-backend","timestamp":"2026-07-03T03:36:12.453Z"}
{"jobId":"9","level":"info","message":"[BullMQ] Job scraping dienqueue untuk asetId=44","service":"lelang-spk-backend","timestamp":"2026-07-03T03:36:25.591Z"}
{"level":"info","message":"[BullMQ Worker] Mulai memproses scraping job untuk asetId=44","service":"lelang-spk-backend","timestamp":"2026-07-03T03:36:25.594Z"}
{"asetId":44,"kategori":"SPK_KALKULASI","keyword":"Ruko 2 Lantai Paal 2 Manado","level":"info","message":"[SPK] Mulai real scraping data pembanding via Puppeteer","service":"lelang-spk-backend","timestamp":"2026-07-03T03:36:25.616Z"}
{"asetId":44,"kategori":"SPK_KALKULASI","keyword":"Ruko 2 Lantai Paal 2 Manado","level":"info","message":"[SPK] Puppeteer Real Scraping Dimulai","service":"lelang-spk-backend","timestamp":"2026-07-03T03:36:25.617Z"}
{"kategori":"SPK_KALKULASI","keyword":"Ruko 2 Lantai Paal 2 Manado","level":"info","message":"[SPK] Puppeteer: Membuka browser ke OLX","searchUrl":"https://www.olx.co.id/items/q-Ruko-2-Lantai-Paal-2-Manado","service":"lelang-spk-backend","timestamp":"2026-07-03T03:36:25.617Z"}
{"kategori":"SPK_KALKULASI","level":"info","message":"[SPK] Puppeteer: Scrape OLX berhasil","service":"lelang-spk-backend","timestamp":"2026-07-03T03:36:28.118Z","total":6}
{"asetId":44,"kategori":"SPK_KALKULASI","level":"info","message":"[SPK] Pencarian data pembanding selesai","realScrapedCount":6,"service":"lelang-spk-backend","timestamp":"2026-07-03T03:36:28.395Z","totalCount":6}
{"level":"info","message":"[BullMQ Worker] Selesai scraping asetId=44, 6 data disimpan","service":"lelang-spk-backend","timestamp":"2026-07-03T03:36:28.433Z"}
{"count":6,"level":"info","message":"[BullMQ] Job 9 selesai","service":"lelang-spk-backend","timestamp":"2026-07-03T03:36:28.436Z"}
{"jobId":"10","level":"info","message":"[BullMQ] Job scraping dienqueue untuk asetId=45","service":"lelang-spk-backend","timestamp":"2026-07-03T03:40:10.929Z"}
{"level":"info","message":"[BullMQ Worker] Mulai memproses scraping job untuk asetId=45","service":"lelang-spk-backend","timestamp":"2026-07-03T03:40:10.931Z"}
{"asetId":45,"kategori":"SPK_KALKULASI","keyword":"Motor Vega R Yamaha","level":"info","message":"[SPK] Mulai real scraping data pembanding via Puppeteer","service":"lelang-spk-backend","timestamp":"2026-07-03T03:40:10.938Z"}
{"asetId":45,"kategori":"SPK_KALKULASI","keyword":"Motor Vega R Yamaha","level":"info","message":"[SPK] Puppeteer Real Scraping Dimulai","service":"lelang-spk-backend","timestamp":"2026-07-03T03:40:10.938Z"}
{"kategori":"SPK_KALKULASI","keyword":"Motor Vega R Yamaha","level":"info","message":"[SPK] Puppeteer: Membuka browser ke OLX","searchUrl":"https://www.olx.co.id/items/q-Motor-Vega-R-Yamaha","service":"lelang-spk-backend","timestamp":"2026-07-03T03:40:10.939Z"}
{"kategori":"SPK_KALKULASI","level":"info","message":"[SPK] Puppeteer: Scrape OLX berhasil","service":"lelang-spk-backend","timestamp":"2026-07-03T03:40:15.051Z","total":6}
{"asetId":45,"kategori":"SPK_KALKULASI","level":"info","message":"[SPK] Pencarian data pembanding selesai","realScrapedCount":6,"service":"lelang-spk-backend","timestamp":"2026-07-03T03:40:15.474Z","totalCount":6}
{"level":"info","message":"[BullMQ Worker] Selesai scraping asetId=45, 6 data disimpan","service":"lelang-spk-backend","timestamp":"2026-07-03T03:40:15.503Z"}
{"count":6,"level":"info","message":"[BullMQ] Job 10 selesai","service":"lelang-spk-backend","timestamp":"2026-07-03T03:40:15.506Z"}
{"jobId":"11","level":"info","message":"[BullMQ] Job scraping dienqueue untuk asetId=24","service":"lelang-spk-backend","timestamp":"2026-07-03T03:44:28.137Z"}
{"level":"info","message":"[BullMQ Worker] Mulai memproses scraping job untuk asetId=24","service":"lelang-spk-backend","timestamp":"2026-07-03T03:44:28.139Z"}
{"asetId":24,"kategori":"SPK_KALKULASI","keyword":"Rumah Perum Dimembe Minut","level":"info","message":"[SPK] Mulai real scraping data pembanding via Puppeteer","service":"lelang-spk-backend","timestamp":"2026-07-03T03:44:28.147Z"}
{"asetId":24,"kategori":"SPK_KALKULASI","keyword":"Rumah Perum Dimembe Minut","level":"info","message":"[SPK] Puppeteer Real Scraping Dimulai","service":"lelang-spk-backend","timestamp":"2026-07-03T03:44:28.147Z"}
{"kategori":"SPK_KALKULASI","keyword":"Rumah Perum Dimembe Minut","level":"info","message":"[SPK] Puppeteer: Membuka browser ke OLX","searchUrl":"https://www.olx.co.id/items/q-Rumah-Perum-Dimembe-Minut","service":"lelang-spk-backend","timestamp":"2026-07-03T03:44:28.148Z"}
{"kategori":"SPK_KALKULASI","level":"info","message":"[SPK] Puppeteer: Scrape OLX berhasil","service":"lelang-spk-backend","timestamp":"2026-07-03T03:44:30.821Z","total":6}
{"asetId":24,"kategori":"SPK_KALKULASI","level":"info","message":"[SPK] Pencarian data pembanding selesai","realScrapedCount":6,"service":"lelang-spk-backend","timestamp":"2026-07-03T03:44:31.161Z","totalCount":6}
{"level":"info","message":"[BullMQ Worker] Selesai scraping asetId=24, 6 data disimpan","service":"lelang-spk-backend","timestamp":"2026-07-03T03:44:31.183Z"}
{"count":6,"level":"info","message":"[BullMQ] Job 11 selesai","service":"lelang-spk-backend","timestamp":"2026-07-03T03:44:31.186Z"}
{"jobId":"12","level":"info","message":"[BullMQ] Job scraping dienqueue untuk asetId=45","service":"lelang-spk-backend","timestamp":"2026-07-03T03:45:09.800Z"}
{"level":"info","message":"[BullMQ Worker] Mulai memproses scraping job untuk asetId=45","service":"lelang-spk-backend","timestamp":"2026-07-03T03:45:09.802Z"}
{"asetId":45,"kategori":"SPK_KALKULASI","keyword":"Motor Vega R Yamaha","level":"info","message":"[SPK] Mulai real scraping data pembanding via Puppeteer","service":"lelang-spk-backend","timestamp":"2026-07-03T03:45:09.826Z"}
{"asetId":45,"kategori":"SPK_KALKULASI","keyword":"Motor Vega R Yamaha","level":"info","message":"[SPK] Puppeteer Real Scraping Dimulai","service":"lelang-spk-backend","timestamp":"2026-07-03T03:45:09.826Z"}
{"kategori":"SPK_KALKULASI","keyword":"Motor Vega R Yamaha","level":"info","message":"[SPK] Puppeteer: Membuka browser ke OLX","searchUrl":"https://www.olx.co.id/items/q-Motor-Vega-R-Yamaha","service":"lelang-spk-backend","timestamp":"2026-07-03T03:45:09.827Z"}
{"kategori":"SPK_KALKULASI","level":"info","message":"[SPK] Puppeteer: Scrape OLX berhasil","service":"lelang-spk-backend","timestamp":"2026-07-03T03:45:13.479Z","total":6}
{"asetId":45,"kategori":"SPK_KALKULASI","level":"info","message":"[SPK] Pencarian data pembanding selesai","realScrapedCount":6,"service":"lelang-spk-backend","timestamp":"2026-07-03T03:45:13.844Z","totalCount":6}
{"level":"info","message":"[BullMQ Worker] Selesai scraping asetId=45, 6 data disimpan","service":"lelang-spk-backend","timestamp":"2026-07-03T03:45:13.867Z"}
{"count":6,"level":"info","message":"[BullMQ] Job 12 selesai","service":"lelang-spk-backend","timestamp":"2026-07-03T03:45:13.869Z"}
{"documentId":1,"documentType":"SURAT_PERMOHONAN_LELANG","kategori":"DOKUMEN","level":"info","message":"[DOKUMEN] [ADMS Repository] Dokumen v1 berhasil disimpan","service":"lelang-spk-backend","timestamp":"2026-07-03T04:04:03.124Z","version":1}
{"documentId":2,"documentType":"SURAT_PERMOHONAN_LELANG","kategori":"DOKUMEN","level":"info","message":"[DOKUMEN] [ADMS Repository] Dokumen v2 berhasil disimpan","service":"lelang-spk-backend","timestamp":"2026-07-03T04:04:03.151Z","version":2}
{"documentId":2,"kategori":"DOKUMEN","level":"info","message":"[DOKUMEN] [ADMS Workflow] Verifikasi dokumen: APPROVED","service":"lelang-spk-backend","status":"APPROVED","timestamp":"2026-07-03T04:04:03.189Z","verifierId":1}
{"documentId":3,"documentType":"SURAT_PERMOHONAN_LELANG","kategori":"DOKUMEN","level":"info","message":"[DOKUMEN] [ADMS Repository] Dokumen v3 berhasil disimpan","service":"lelang-spk-backend","timestamp":"2026-07-03T04:04:15.956Z","version":3}
{"documentId":4,"documentType":"SURAT_PERMOHONAN_LELANG","kategori":"DOKUMEN","level":"info","message":"[DOKUMEN] [ADMS Repository] Dokumen v4 berhasil disimpan","service":"lelang-spk-backend","timestamp":"2026-07-03T04:04:15.991Z","version":4}
{"documentId":4,"kategori":"DOKUMEN","level":"info","message":"[DOKUMEN] [ADMS Workflow] Verifikasi dokumen: APPROVED","service":"lelang-spk-backend","status":"APPROVED","timestamp":"2026-07-03T04:04:16.024Z","verifierId":1}
{"kategori":"DOKUMEN","lelangId":1,"level":"info","message":"[DOKUMEN] [ADMS Generator] Dokumen SURAT_PENETAPAN_LELANG (PDF) berhasil digenerate","outputFilename":"surat_penetapan_lelang_lelang_1_1783051456065.pdf","service":"lelang-spk-backend","timestamp":"2026-07-03T04:04:17.651Z"}
{"documentId":6,"documentType":"SURAT_PERMOHONAN_LELANG","kategori":"DOKUMEN","level":"info","message":"[DOKUMEN] [ADMS Repository] Dokumen v5 berhasil disimpan","service":"lelang-spk-backend","timestamp":"2026-07-03T04:04:28.142Z","version":5}
{"documentId":7,"documentType":"SURAT_PERMOHONAN_LELANG","kategori":"DOKUMEN","level":"info","message":"[DOKUMEN] [ADMS Repository] Dokumen v6 berhasil disimpan","service":"lelang-spk-backend","timestamp":"2026-07-03T04:04:28.160Z","version":6}
{"documentId":7,"kategori":"DOKUMEN","level":"info","message":"[DOKUMEN] [ADMS Workflow] Verifikasi dokumen: APPROVED","service":"lelang-spk-backend","status":"APPROVED","timestamp":"2026-07-03T04:04:28.178Z","verifierId":1}
{"kategori":"DOKUMEN","lelangId":1,"level":"info","message":"[DOKUMEN] [ADMS Generator] Dokumen SURAT_PENETAPAN_LELANG (PDF) berhasil digenerate","outputFilename":"surat_penetapan_lelang_lelang_1_1783051468219.pdf","service":"lelang-spk-backend","timestamp":"2026-07-03T04:04:29.777Z"}
{"documentId":9,"documentType":"SURAT_PERMOHONAN_LELANG","kategori":"DOKUMEN","level":"info","message":"[DOKUMEN] [ADMS Repository] Dokumen v7 berhasil disimpan","service":"lelang-spk-backend","timestamp":"2026-07-03T04:05:07.104Z","version":7}
{"documentId":10,"documentType":"SURAT_PERMOHONAN_LELANG","kategori":"DOKUMEN","level":"info","message":"[DOKUMEN] [ADMS Repository] Dokumen v8 berhasil disimpan","service":"lelang-spk-backend","timestamp":"2026-07-03T04:05:07.123Z","version":8}
{"documentId":10,"kategori":"DOKUMEN","level":"info","message":"[DOKUMEN] [ADMS Workflow] Verifikasi dokumen: APPROVED","service":"lelang-spk-backend","status":"APPROVED","timestamp":"2026-07-03T04:05:07.144Z","verifierId":1}
{"kategori":"DOKUMEN","lelangId":1,"level":"info","message":"[DOKUMEN] [ADMS Generator] Dokumen SURAT_PENETAPAN_LELANG (PDF) berhasil digenerate","outputFilename":"surat_penetapan_lelang_lelang_1_1783051507190.pdf","service":"lelang-spk-backend","timestamp":"2026-07-03T04:05:08.700Z"}
{"archiveFilename":"Arsip_Lelang_LEL-1_1783051508710.zip","fileCount":7,"kategori":"DOKUMEN","level":"info","message":"[DOKUMEN] [ADMS Archive] ZIP Arsip lelang 1 berhasil dibuat","service":"lelang-spk-backend","sizeBytes":300306,"timestamp":"2026-07-03T04:05:08.751Z"}
{"host":"127.0.0.1","level":"info","message":"[BullMQ] Scraping Queue & Worker berhasil diinisialisasi","port":6379,"service":"lelang-spk-backend","timestamp":"2026-07-03T04:05:57.001Z"}
{"level":"info","message":"⚙️  BullMQ Scraping Queue aktif (Redis port 6379)","service":"lelang-spk-backend","timestamp":"2026-07-03T04:05:57.002Z"}
{"level":"info","message":"✅ Server & WebSocket berjalan di http://localhost:5000","service":"lelang-spk-backend","timestamp":"2026-07-03T04:05:57.003Z"}
{"level":"info","message":"📊 Environment: development","service":"lelang-spk-backend","timestamp":"2026-07-03T04:05:57.003Z"}
{"kategori":"DOKUMEN","lelangId":1,"level":"info","message":"[DOKUMEN] [ADMS Generator] Dokumen SURAT_PENETAPAN_LELANG (DOCX) berhasil digenerate","outputFilename":"surat_penetapan_lelang_lelang_1_1783052038661.pdf","service":"lelang-spk-backend","timestamp":"2026-07-03T04:14:00.574Z"}
{"kategori":"DOKUMEN","lelangId":1,"level":"info","message":"[DOKUMEN] [ADMS Generator] Dokumen SURAT_PENETAPAN_LELANG (DOCX) berhasil digenerate","outputFilename":"surat_penetapan_lelang_lelang_1_1783052063317.pdf","service":"lelang-spk-backend","timestamp":"2026-07-03T04:14:25.199Z"}
{"documentId":14,"documentType":"SURAT_PERMOHONAN_LELANG","kategori":"DOKUMEN","level":"info","message":"[DOKUMEN] [ADMS Repository] Dokumen v7 berhasil disimpan","service":"lelang-spk-backend","timestamp":"2026-07-03T04:22:08.033Z","version":7}
{"error":"\nInvalid `prisma.document.create()` invocation:\n\n\nForeign key constraint violated: `asset_id`","level":"error","message":"[ADMS Controller] Upload Gagal","service":"lelang-spk-backend","timestamp":"2026-07-03T04:22:26.981Z"}
{"error":"\nInvalid `prisma.document.create()` invocation:\n\n\nForeign key constraint violated: `asset_id`","level":"error","message":"[ADMS Controller] Upload Gagal","service":"lelang-spk-backend","timestamp":"2026-07-03T04:22:59.966Z"}
{"error":"\nInvalid `prisma.document.create()` invocation:\n\n\nForeign key constraint violated: `asset_id`","level":"error","message":"[ADMS Controller] Upload Gagal","service":"lelang-spk-backend","timestamp":"2026-07-03T04:23:04.524Z"}
{"documentId":18,"documentType":"FOTO_ASET","kategori":"DOKUMEN","level":"info","message":"[DOKUMEN] [ADMS Repository] Dokumen v1 berhasil disimpan","service":"lelang-spk-backend","timestamp":"2026-07-03T04:23:08.333Z","version":1}
{"host":"127.0.0.1","level":"info","message":"[BullMQ] Scraping Queue & Worker berhasil diinisialisasi","port":6379,"service":"lelang-spk-backend","timestamp":"2026-07-03T08:23:33.757Z"}
{"level":"info","message":"⚙️  BullMQ Scraping Queue aktif (Redis port 6379)","service":"lelang-spk-backend","timestamp":"2026-07-03T08:23:33.758Z"}
{"level":"info","message":"✅ Server & WebSocket berjalan di http://localhost:5000","service":"lelang-spk-backend","timestamp":"2026-07-03T08:23:33.758Z"}
{"level":"info","message":"📊 Environment: development","service":"lelang-spk-backend","timestamp":"2026-07-03T08:23:33.759Z"}
{"jobId":"13","level":"info","message":"[BullMQ] Job scraping dienqueue untuk asetId=45","service":"lelang-spk-backend","timestamp":"2026-07-03T08:28:19.384Z"}
{"level":"info","message":"[BullMQ Worker] Mulai memproses scraping job untuk asetId=45","service":"lelang-spk-backend","timestamp":"2026-07-03T08:28:19.388Z"}
{"asetId":45,"kategori":"SPK_KALKULASI","keyword":"Motor Vega R Yamaha","level":"info","message":"[SPK] Mulai real scraping data pembanding via Puppeteer","service":"lelang-spk-backend","timestamp":"2026-07-03T08:28:19.414Z"}
{"asetId":45,"kategori":"SPK_KALKULASI","keyword":"Motor Vega R Yamaha","level":"info","message":"[SPK] Puppeteer Real Scraping Dimulai","service":"lelang-spk-backend","timestamp":"2026-07-03T08:28:19.415Z"}
{"kategori":"SPK_KALKULASI","keyword":"Motor Vega R Yamaha","level":"info","message":"[SPK] Puppeteer: Membuka browser ke OLX","searchUrl":"https://www.olx.co.id/items/q-Motor-Vega-R-Yamaha","service":"lelang-spk-backend","timestamp":"2026-07-03T08:28:19.416Z"}
{"kategori":"SPK_KALKULASI","level":"info","message":"[SPK] Puppeteer: Scrape OLX berhasil","service":"lelang-spk-backend","timestamp":"2026-07-03T08:28:21.842Z","total":6}
{"asetId":45,"kategori":"SPK_KALKULASI","level":"info","message":"[SPK] Pencarian data pembanding selesai","realScrapedCount":6,"service":"lelang-spk-backend","timestamp":"2026-07-03T08:28:22.186Z","totalCount":6}
{"level":"info","message":"[BullMQ Worker] Selesai scraping asetId=45, 6 data disimpan","service":"lelang-spk-backend","timestamp":"2026-07-03T08:28:22.213Z"}
{"count":6,"level":"info","message":"[BullMQ] Job 13 selesai","service":"lelang-spk-backend","timestamp":"2026-07-03T08:28:22.221Z"}
{"host":"127.0.0.1","level":"info","message":"[BullMQ] Scraping Queue & Worker berhasil diinisialisasi","port":6379,"service":"lelang-spk-backend","timestamp":"2026-07-14T16:38:26.259Z"}
{"level":"info","message":"⚙️  BullMQ Scraping Queue aktif (Redis port 6379)","service":"lelang-spk-backend","timestamp":"2026-07-14T16:38:26.259Z"}
{"level":"info","message":"✅ Server & WebSocket berjalan di http://localhost:5001","service":"lelang-spk-backend","timestamp":"2026-07-14T16:38:26.260Z"}
{"level":"info","message":"📊 Environment: development","service":"lelang-spk-backend","timestamp":"2026-07-14T16:38:26.260Z"}
{"host":"127.0.0.1","level":"info","message":"[BullMQ] Scraping Queue & Worker berhasil diinisialisasi","port":6379,"service":"lelang-spk-backend","timestamp":"2026-07-14T16:38:53.957Z"}
{"level":"info","message":"⚙️  BullMQ Scraping Queue aktif (Redis port 6379)","service":"lelang-spk-backend","timestamp":"2026-07-14T16:38:53.958Z"}
{"level":"info","message":"✅ Server & WebSocket berjalan di http://localhost:5001","service":"lelang-spk-backend","timestamp":"2026-07-14T16:38:53.958Z"}
{"level":"info","message":"📊 Environment: development","service":"lelang-spk-backend","timestamp":"2026-07-14T16:38:53.958Z"}
{"host":"127.0.0.1","level":"info","message":"[BullMQ] Scraping Queue & Worker berhasil diinisialisasi","port":6379,"service":"lelang-spk-backend","timestamp":"2026-07-14T16:39:12.855Z"}
{"level":"info","message":"⚙️  BullMQ Scraping Queue aktif (Redis port 6379)","service":"lelang-spk-backend","timestamp":"2026-07-14T16:39:12.856Z"}
{"level":"info","message":"✅ Server & WebSocket berjalan di http://localhost:5001","service":"lelang-spk-backend","timestamp":"2026-07-14T16:39:12.856Z"}
{"level":"info","message":"📊 Environment: development","service":"lelang-spk-backend","timestamp":"2026-07-14T16:39:12.856Z"}
{"host":"127.0.0.1","level":"info","message":"[BullMQ] Scraping Queue & Worker berhasil diinisialisasi","port":6379,"service":"lelang-spk-backend","timestamp":"2026-07-14T16:39:34.818Z"}
{"level":"info","message":"⚙️  BullMQ Scraping Queue aktif (Redis port 6379)","service":"lelang-spk-backend","timestamp":"2026-07-14T16:39:34.819Z"}
{"level":"info","message":"✅ Server & WebSocket berjalan di http://localhost:5001","service":"lelang-spk-backend","timestamp":"2026-07-14T16:39:34.820Z"}
{"level":"info","message":"📊 Environment: development","service":"lelang-spk-backend","timestamp":"2026-07-14T16:39:34.820Z"}
{"host":"127.0.0.1","level":"info","message":"[BullMQ] Scraping Queue & Worker berhasil diinisialisasi","port":6379,"service":"lelang-spk-backend","timestamp":"2026-07-14T16:40:10.561Z"}
{"level":"info","message":"⚙️  BullMQ Scraping Queue aktif (Redis port 6379)","service":"lelang-spk-backend","timestamp":"2026-07-14T16:40:10.563Z"}
{"level":"info","message":"✅ Server & WebSocket berjalan di http://localhost:5001","service":"lelang-spk-backend","timestamp":"2026-07-14T16:40:10.564Z"}
{"level":"info","message":"📊 Environment: development","service":"lelang-spk-backend","timestamp":"2026-07-14T16:40:10.564Z"}
{"host":"127.0.0.1","level":"info","message":"[BullMQ] Scraping Queue & Worker berhasil diinisialisasi","port":6379,"service":"lelang-spk-backend","timestamp":"2026-07-14T16:40:44.710Z"}
{"level":"info","message":"⚙️  BullMQ Scraping Queue aktif (Redis port 6379)","service":"lelang-spk-backend","timestamp":"2026-07-14T16:40:44.711Z"}
{"level":"info","message":"✅ Server & WebSocket berjalan di http://localhost:5001","service":"lelang-spk-backend","timestamp":"2026-07-14T16:40:44.711Z"}
{"level":"info","message":"📊 Environment: development","service":"lelang-spk-backend","timestamp":"2026-07-14T16:40:44.711Z"}
{"host":"127.0.0.1","level":"info","message":"[BullMQ] Scraping Queue & Worker berhasil diinisialisasi","port":6379,"service":"lelang-spk-backend","timestamp":"2026-07-14T16:41:28.294Z"}
{"level":"info","message":"⚙️  BullMQ Scraping Queue aktif (Redis port 6379)","service":"lelang-spk-backend","timestamp":"2026-07-14T16:41:28.295Z"}
{"level":"info","message":"✅ Server & WebSocket berjalan di http://localhost:5001","service":"lelang-spk-backend","timestamp":"2026-07-14T16:41:28.295Z"}
{"level":"info","message":"📊 Environment: development","service":"lelang-spk-backend","timestamp":"2026-07-14T16:41:28.296Z"}
{"host":"127.0.0.1","level":"info","message":"[BullMQ] Scraping Queue & Worker berhasil diinisialisasi","port":6379,"service":"lelang-spk-backend","timestamp":"2026-07-14T16:42:06.278Z"}
{"level":"info","message":"⚙️  BullMQ Scraping Queue aktif (Redis port 6379)","service":"lelang-spk-backend","timestamp":"2026-07-14T16:42:06.279Z"}
{"level":"info","message":"✅ Server & WebSocket berjalan di http://localhost:5001","service":"lelang-spk-backend","timestamp":"2026-07-14T16:42:06.279Z"}
{"level":"info","message":"📊 Environment: development","service":"lelang-spk-backend","timestamp":"2026-07-14T16:42:06.279Z"}
{"host":"127.0.0.1","level":"info","message":"[BullMQ] Scraping Queue & Worker berhasil diinisialisasi","port":6379,"service":"lelang-spk-backend","timestamp":"2026-07-14T16:42:35.722Z"}
{"level":"info","message":"⚙️  BullMQ Scraping Queue aktif (Redis port 6379)","service":"lelang-spk-backend","timestamp":"2026-07-14T16:42:35.723Z"}
{"level":"info","message":"✅ Server & WebSocket berjalan di http://localhost:5001","service":"lelang-spk-backend","timestamp":"2026-07-14T16:42:35.724Z"}
{"level":"info","message":"📊 Environment: development","service":"lelang-spk-backend","timestamp":"2026-07-14T16:42:35.724Z"}
{"host":"127.0.0.1","level":"info","message":"[BullMQ] Scraping Queue & Worker berhasil diinisialisasi","port":6379,"service":"lelang-spk-backend","timestamp":"2026-07-14T16:43:33.490Z"}
{"level":"info","message":"⚙️  BullMQ Scraping Queue aktif (Redis port 6379)","service":"lelang-spk-backend","timestamp":"2026-07-14T16:43:33.491Z"}
{"level":"info","message":"✅ Server & WebSocket berjalan di http://localhost:5001","service":"lelang-spk-backend","timestamp":"2026-07-14T16:43:33.491Z"}
{"level":"info","message":"📊 Environment: development","service":"lelang-spk-backend","timestamp":"2026-07-14T16:43:33.492Z"}
{"host":"127.0.0.1","level":"info","message":"[BullMQ] Scraping Queue & Worker berhasil diinisialisasi","port":6379,"service":"lelang-spk-backend","timestamp":"2026-07-14T17:02:54.694Z"}
{"level":"info","message":"⚙️  BullMQ Scraping Queue aktif (Redis port 6379)","service":"lelang-spk-backend","timestamp":"2026-07-14T17:02:54.697Z"}
{"level":"info","message":"✅ Server & WebSocket berjalan di http://localhost:5000","service":"lelang-spk-backend","timestamp":"2026-07-14T17:02:54.698Z"}
{"level":"info","message":"📊 Environment: development","service":"lelang-spk-backend","timestamp":"2026-07-14T17:02:54.699Z"}
{"host":"127.0.0.1","level":"info","message":"[BullMQ] Scraping Queue & Worker berhasil diinisialisasi","port":6379,"service":"lelang-spk-backend","timestamp":"2026-07-14T17:58:27.048Z"}
{"level":"info","message":"⚙️  BullMQ Scraping Queue aktif (Redis port 6379)","service":"lelang-spk-backend","timestamp":"2026-07-14T17:58:27.049Z"}
{"level":"info","message":"✅ Server & WebSocket berjalan di http://localhost:5000","service":"lelang-spk-backend","timestamp":"2026-07-14T17:58:27.050Z"}
{"level":"info","message":"📊 Environment: development","service":"lelang-spk-backend","timestamp":"2026-07-14T17:58:27.051Z"}
{"host":"127.0.0.1","level":"info","message":"[BullMQ] Scraping Queue & Worker berhasil diinisialisasi","port":6379,"service":"lelang-spk-backend","timestamp":"2026-07-14T17:59:01.960Z"}
{"level":"info","message":"⚙️  BullMQ Scraping Queue aktif (Redis port 6379)","service":"lelang-spk-backend","timestamp":"2026-07-14T17:59:01.963Z"}
{"level":"info","message":"✅ Server & WebSocket berjalan di http://localhost:5001","service":"lelang-spk-backend","timestamp":"2026-07-14T17:59:01.964Z"}
{"level":"info","message":"📊 Environment: development","service":"lelang-spk-backend","timestamp":"2026-07-14T17:59:01.965Z"}
{"host":"127.0.0.1","level":"info","message":"[BullMQ] Scraping Queue & Worker berhasil diinisialisasi","port":6379,"service":"lelang-spk-backend","timestamp":"2026-07-14T17:59:15.348Z"}
{"level":"info","message":"⚙️  BullMQ Scraping Queue aktif (Redis port 6379)","service":"lelang-spk-backend","timestamp":"2026-07-14T17:59:15.351Z"}
{"level":"info","message":"✅ Server & WebSocket berjalan di http://localhost:5000","service":"lelang-spk-backend","timestamp":"2026-07-14T17:59:15.351Z"}
{"level":"info","message":"📊 Environment: development","service":"lelang-spk-backend","timestamp":"2026-07-14T17:59:15.352Z"}
{"host":"127.0.0.1","level":"info","message":"[BullMQ] Scraping Queue & Worker berhasil diinisialisasi","port":6379,"service":"lelang-spk-backend","timestamp":"2026-07-14T17:59:26.144Z"}
{"level":"info","message":"⚙️  BullMQ Scraping Queue aktif (Redis port 6379)","service":"lelang-spk-backend","timestamp":"2026-07-14T17:59:26.145Z"}
{"level":"info","message":"✅ Server & WebSocket berjalan di http://localhost:5001","service":"lelang-spk-backend","timestamp":"2026-07-14T17:59:26.146Z"}
{"level":"info","message":"📊 Environment: development","service":"lelang-spk-backend","timestamp":"2026-07-14T17:59:26.146Z"}
{"host":"127.0.0.1","level":"info","message":"[BullMQ] Scraping Queue & Worker berhasil diinisialisasi","port":6379,"service":"lelang-spk-backend","timestamp":"2026-07-14T18:00:41.648Z"}
{"level":"info","message":"⚙️  BullMQ Scraping Queue aktif (Redis port 6379)","service":"lelang-spk-backend","timestamp":"2026-07-14T18:00:41.649Z"}
{"level":"info","message":"✅ Server & WebSocket berjalan di http://localhost:5000","service":"lelang-spk-backend","timestamp":"2026-07-14T18:00:41.650Z"}
{"level":"info","message":"📊 Environment: development","service":"lelang-spk-backend","timestamp":"2026-07-14T18:00:41.650Z"}
{"host":"127.0.0.1","level":"info","message":"[BullMQ] Scraping Queue & Worker berhasil diinisialisasi","port":6379,"service":"lelang-spk-backend","timestamp":"2026-07-14T18:02:22.172Z"}
{"level":"info","message":"⚙️  BullMQ Scraping Queue aktif (Redis port 6379)","service":"lelang-spk-backend","timestamp":"2026-07-14T18:02:22.173Z"}
{"level":"info","message":"✅ Server & WebSocket berjalan di http://localhost:5000","service":"lelang-spk-backend","timestamp":"2026-07-14T18:02:22.173Z"}
{"level":"info","message":"📊 Environment: development","service":"lelang-spk-backend","timestamp":"2026-07-14T18:02:22.173Z"}
{"correlationId":"corr-1784052146746-zu666fxq8","errorStack":"Error: Semua kriteria wajib diisi. Belum diisi: Kriteria Cost 1\n    at httpError (file:///C:/Users/McCrazy/Documents/kampus/TA/code/backend/src/services/penilaian.service.js:13:17)\n    at validateNilaiList (file:///C:/Users/McCrazy/Documents/kampus/TA/code/backend/src/services/penilaian.service.js:118:11)\n    at saveNilaiKriteria (file:///C:/Users/McCrazy/Documents/kampus/TA/code/backend/src/services/penilaian.service.js:146:27)\n    at async saveSellerNilaiKriteria (file:///C:/Users/McCrazy/Documents/kampus/TA/code/backend/src/controllers/penilaian.controller.js:55:5)","level":"error","message":"[API Error] Status 400: Semua kriteria wajib diisi. Belum diisi: Kriteria Cost 1","service":"lelang-spk-backend","status":400,"timestamp":"2026-07-14T18:02:26.747Z"}
{"correlationId":"corr-1784052146780-1hfx2biho","errorStack":"Error: Nilai kriteria harus berupa angka bulat 1 sampai 5\n    at httpError (file:///C:/Users/McCrazy/Documents/kampus/TA/code/backend/src/services/penilaian.service.js:13:17)\n    at file:///C:/Users/McCrazy/Documents/kampus/TA/code/backend/src/services/penilaian.service.js:111:13\n    at Array.forEach (<anonymous>)\n    at validateNilaiList (file:///C:/Users/McCrazy/Documents/kampus/TA/code/backend/src/services/penilaian.service.js:103:13)\n    at saveNilaiKriteria (file:///C:/Users/McCrazy/Documents/kampus/TA/code/backend/src/services/penilaian.service.js:146:27)\n    at async saveSellerNilaiKriteria (file:///C:/Users/McCrazy/Documents/kampus/TA/code/backend/src/controllers/penilaian.controller.js:55:5)","level":"error","message":"[API Error] Status 400: Nilai kriteria harus berupa angka bulat 1 sampai 5","service":"lelang-spk-backend","status":400,"timestamp":"2026-07-14T18:02:26.781Z"}
{"correlationId":"corr-1784052146859-l07dubmxv","errorStack":"Error: Total bobot harus sama dengan 1.\n    at httpError (file:///C:/Users/McCrazy/Documents/kampus/TA/code/backend/src/services/penilaian.service.js:13:17)\n    at calculateAndPersistSAWForAset (file:///C:/Users/McCrazy/Documents/kampus/TA/code/backend/src/services/penilaian.service.js:215:17)\n    at async hitungSellerSAW (file:///C:/Users/McCrazy/Documents/kampus/TA/code/backend/src/controllers/penilaian.controller.js:79:20)","level":"error","message":"[API Error] Status 422: Total bobot harus sama dengan 1.","service":"lelang-spk-backend","status":422,"timestamp":"2026-07-14T18:02:26.859Z"}
{"correlationId":"corr-1784052147178-esqmpoz9o","errorStack":"Error: Nilai kriteria hanya dapat diubah saat status penilaian DRAFT atau PERLU_REVISI\n    at httpError (file:///C:/Users/McCrazy/Documents/kampus/TA/code/backend/src/services/penilaian.service.js:13:17)\n    at assertCanSellerEditPenilaian (file:///C:/Users/McCrazy/Documents/kampus/TA/code/backend/src/services/penilaian.service.js:71:11)\n    at calculateAndPersistSAWForAset (file:///C:/Users/McCrazy/Documents/kampus/TA/code/backend/src/services/penilaian.service.js:202:5)\n    at async hitungSellerSAW (file:///C:/Users/McCrazy/Documents/kampus/TA/code/backend/src/controllers/penilaian.controller.js:79:20)","level":"error","message":"[API Error] Status 400: Nilai kriteria hanya dapat diubah saat status penilaian DRAFT atau PERLU_REVISI","service":"lelang-spk-backend","status":400,"timestamp":"2026-07-14T18:02:27.178Z"}
{"level":"info","message":"[SPK] SAW calculation for aset=\"Aset Temp Jurnal\" (ID:10): rawPreference=0.8000000000000000, safePreference=0.800000","service":"lelang-spk-backend","timestamp":"2026-07-14T18:02:27.251Z"}
{"level":"info","message":"[SPK] SAW calculation for aset=\"Aset Temp Jurnal Identik\" (ID:11): rawPreference=0.8000000000000000, safePreference=0.800000","service":"lelang-spk-backend","timestamp":"2026-07-14T18:02:27.251Z"}
{"level":"info","message":"[SPK] SAW calculation for aset=\"Aset Temp Jurnal\" (ID:10): rawPreference=0.8000000000000000, safePreference=0.800000","service":"lelang-spk-backend","timestamp":"2026-07-14T18:02:27.306Z"}
{"level":"info","message":"[SPK] SAW calculation for aset=\"Aset Temp Jurnal Identik\" (ID:11): rawPreference=0.8000000000000000, safePreference=0.800000","service":"lelang-spk-backend","timestamp":"2026-07-14T18:02:27.306Z"}
{"level":"info","message":"[SPK] SAW calculation for aset=\"Aset Tunggal Jurnal\" (ID:12): rawPreference=0.6000000000000000, safePreference=0.600000","service":"lelang-spk-backend","timestamp":"2026-07-14T18:02:27.400Z"}
{"level":"info","message":"[SPK] SAW calculation for aset=\"Aset Tunggal Jurnal\" (ID:12): rawPreference=0.6000000000000000, safePreference=0.600000","service":"lelang-spk-backend","timestamp":"2026-07-14T18:02:27.448Z"}
{"correlationId":"corr-1784052147499-jzer9rpas","errorStack":"Error: Nilai kriteria hanya dapat diubah saat status penilaian DRAFT atau PERLU_REVISI\n    at httpError (file:///C:/Users/McCrazy/Documents/kampus/TA/code/backend/src/services/penilaian.service.js:13:17)\n    at assertCanSellerEditPenilaian (file:///C:/Users/McCrazy/Documents/kampus/TA/code/backend/src/services/penilaian.service.js:71:11)\n    at calculateAndPersistSAWForAset (file:///C:/Users/McCrazy/Documents/kampus/TA/code/backend/src/services/penilaian.service.js:202:5)\n    at async hitungSellerSAW (file:///C:/Users/McCrazy/Documents/kampus/TA/code/backend/src/controllers/penilaian.controller.js:79:20)","level":"error","message":"[API Error] Status 400: Nilai kriteria hanya dapat diubah saat status penilaian DRAFT atau PERLU_REVISI","service":"lelang-spk-backend","status":400,"timestamp":"2026-07-14T18:02:27.500Z"}
{"error":"Ekstensi file \".sh\" tidak diizinkan. Format yang diperbolehkan: PDF, JPG, PNG, WEBP, DOC, DOCX","level":"error","message":"[ADMS Controller] Upload Gagal","service":"lelang-spk-backend","timestamp":"2026-07-14T18:02:27.564Z"}
{"host":"127.0.0.1","level":"info","message":"[BullMQ] Scraping Queue & Worker berhasil diinisialisasi","port":6379,"service":"lelang-spk-backend","timestamp":"2026-07-14T18:02:47.641Z"}
{"level":"info","message":"⚙️  BullMQ Scraping Queue aktif (Redis port 6379)","service":"lelang-spk-backend","timestamp":"2026-07-14T18:02:47.643Z"}
{"level":"info","message":"✅ Server & WebSocket berjalan di http://localhost:5000","service":"lelang-spk-backend","timestamp":"2026-07-14T18:02:47.643Z"}
{"level":"info","message":"📊 Environment: development","service":"lelang-spk-backend","timestamp":"2026-07-14T18:02:47.643Z"}
{"host":"127.0.0.1","level":"info","message":"[BullMQ] Scraping Queue & Worker berhasil diinisialisasi","port":6379,"service":"lelang-spk-backend","timestamp":"2026-07-14T18:03:56.693Z"}
{"level":"info","message":"⚙️  BullMQ Scraping Queue aktif (Redis port 6379)","service":"lelang-spk-backend","timestamp":"2026-07-14T18:03:56.695Z"}
{"level":"info","message":"✅ Server & WebSocket berjalan di http://localhost:5000","service":"lelang-spk-backend","timestamp":"2026-07-14T18:03:56.696Z"}
{"level":"info","message":"📊 Environment: development","service":"lelang-spk-backend","timestamp":"2026-07-14T18:03:56.697Z"}
{"host":"127.0.0.1","level":"info","message":"[BullMQ] Scraping Queue & Worker berhasil diinisialisasi","port":6379,"service":"lelang-spk-backend","timestamp":"2026-07-14T18:04:36.989Z"}
{"level":"info","message":"⚙️  BullMQ Scraping Queue aktif (Redis port 6379)","service":"lelang-spk-backend","timestamp":"2026-07-14T18:04:36.991Z"}
{"level":"info","message":"✅ Server & WebSocket berjalan di http://localhost:5000","service":"lelang-spk-backend","timestamp":"2026-07-14T18:04:36.992Z"}
{"level":"info","message":"📊 Environment: development","service":"lelang-spk-backend","timestamp":"2026-07-14T18:04:36.992Z"}
{"host":"127.0.0.1","level":"info","message":"[BullMQ] Scraping Queue & Worker berhasil diinisialisasi","port":6379,"service":"lelang-spk-backend","timestamp":"2026-07-14T18:05:35.823Z"}
{"level":"info","message":"⚙️  BullMQ Scraping Queue aktif (Redis port 6379)","service":"lelang-spk-backend","timestamp":"2026-07-14T18:05:35.829Z"}
{"level":"info","message":"✅ Server & WebSocket berjalan di http://localhost:5000","service":"lelang-spk-backend","timestamp":"2026-07-14T18:05:35.830Z"}
{"level":"info","message":"📊 Environment: development","service":"lelang-spk-backend","timestamp":"2026-07-14T18:05:35.830Z"}
{"host":"127.0.0.1","level":"info","message":"[BullMQ] Scraping Queue & Worker berhasil diinisialisasi","port":6379,"service":"lelang-spk-backend","timestamp":"2026-07-14T18:05:53.836Z"}
{"level":"info","message":"⚙️  BullMQ Scraping Queue aktif (Redis port 6379)","service":"lelang-spk-backend","timestamp":"2026-07-14T18:05:53.838Z"}
{"level":"info","message":"✅ Server & WebSocket berjalan di http://localhost:5000","service":"lelang-spk-backend","timestamp":"2026-07-14T18:05:53.838Z"}
{"level":"info","message":"📊 Environment: development","service":"lelang-spk-backend","timestamp":"2026-07-14T18:05:53.838Z"}
{"host":"127.0.0.1","level":"info","message":"[BullMQ] Scraping Queue & Worker berhasil diinisialisasi","port":6379,"service":"lelang-spk-backend","timestamp":"2026-07-14T18:06:16.961Z"}
{"level":"info","message":"⚙️  BullMQ Scraping Queue aktif (Redis port 6379)","service":"lelang-spk-backend","timestamp":"2026-07-14T18:06:16.969Z"}
{"level":"info","message":"✅ Server & WebSocket berjalan di http://localhost:5000","service":"lelang-spk-backend","timestamp":"2026-07-14T18:06:16.973Z"}
{"level":"info","message":"📊 Environment: development","service":"lelang-spk-backend","timestamp":"2026-07-14T18:06:16.976Z"}
{"host":"127.0.0.1","level":"info","message":"[BullMQ] Scraping Queue & Worker berhasil diinisialisasi","port":6379,"service":"lelang-spk-backend","timestamp":"2026-07-14T18:06:27.360Z"}
{"level":"info","message":"⚙️  BullMQ Scraping Queue aktif (Redis port 6379)","service":"lelang-spk-backend","timestamp":"2026-07-14T18:06:27.362Z"}
{"level":"info","message":"✅ Server & WebSocket berjalan di http://localhost:5000","service":"lelang-spk-backend","timestamp":"2026-07-14T18:06:27.363Z"}
{"level":"info","message":"📊 Environment: development","service":"lelang-spk-backend","timestamp":"2026-07-14T18:06:27.363Z"}
{"host":"127.0.0.1","level":"info","message":"[BullMQ] Scraping Queue & Worker berhasil diinisialisasi","port":6379,"service":"lelang-spk-backend","timestamp":"2026-07-14T19:23:15.701Z"}
{"level":"info","message":"⚙️  BullMQ Scraping Queue aktif (Redis port 6379)","service":"lelang-spk-backend","timestamp":"2026-07-14T19:23:15.702Z"}
{"level":"info","message":"✅ Server & WebSocket berjalan di http://localhost:5000","service":"lelang-spk-backend","timestamp":"2026-07-14T19:23:15.702Z"}
{"level":"info","message":"📊 Environment: test","service":"lelang-spk-backend","timestamp":"2026-07-14T19:23:15.702Z"}
{"host":"127.0.0.1","level":"info","message":"[BullMQ] Scraping Queue & Worker berhasil diinisialisasi","port":6379,"service":"lelang-spk-backend","timestamp":"2026-07-14T19:24:16.336Z"}
{"level":"info","message":"⚙️  BullMQ Scraping Queue aktif (Redis port 6379)","service":"lelang-spk-backend","timestamp":"2026-07-14T19:24:16.337Z"}
{"level":"info","message":"✅ Server & WebSocket berjalan di http://localhost:5000","service":"lelang-spk-backend","timestamp":"2026-07-14T19:24:16.338Z"}
{"level":"info","message":"📊 Environment: test","service":"lelang-spk-backend","timestamp":"2026-07-14T19:24:16.338Z"}
{"host":"127.0.0.1","level":"info","message":"[BullMQ] Scraping Queue & Worker berhasil diinisialisasi","port":6379,"service":"lelang-spk-backend","timestamp":"2026-07-14T19:24:53.700Z"}
{"level":"info","message":"⚙️  BullMQ Scraping Queue aktif (Redis port 6379)","service":"lelang-spk-backend","timestamp":"2026-07-14T19:24:53.702Z"}
{"level":"info","message":"✅ Server & WebSocket berjalan di http://localhost:5000","service":"lelang-spk-backend","timestamp":"2026-07-14T19:24:53.702Z"}
{"level":"info","message":"📊 Environment: test","service":"lelang-spk-backend","timestamp":"2026-07-14T19:24:53.703Z"}
{"host":"127.0.0.1","level":"info","message":"[BullMQ] Scraping Queue & Worker berhasil diinisialisasi","port":6379,"service":"lelang-spk-backend","timestamp":"2026-07-14T19:25:33.518Z"}
{"level":"info","message":"⚙️  BullMQ Scraping Queue aktif (Redis port 6379)","service":"lelang-spk-backend","timestamp":"2026-07-14T19:25:33.520Z"}
{"level":"info","message":"✅ Server & WebSocket berjalan di http://localhost:5000","service":"lelang-spk-backend","timestamp":"2026-07-14T19:25:33.521Z"}
{"level":"info","message":"📊 Environment: test","service":"lelang-spk-backend","timestamp":"2026-07-14T19:25:33.522Z"}
{"host":"127.0.0.1","level":"info","message":"[BullMQ] Scraping Queue & Worker berhasil diinisialisasi","port":6379,"service":"lelang-spk-backend","timestamp":"2026-07-14T19:26:25.393Z"}
{"level":"info","message":"⚙️  BullMQ Scraping Queue aktif (Redis port 6379)","service":"lelang-spk-backend","timestamp":"2026-07-14T19:26:25.395Z"}
{"level":"info","message":"✅ Server & WebSocket berjalan di http://localhost:5000","service":"lelang-spk-backend","timestamp":"2026-07-14T19:26:25.395Z"}
{"level":"info","message":"📊 Environment: test","service":"lelang-spk-backend","timestamp":"2026-07-14T19:26:25.395Z"}
{"host":"127.0.0.1","level":"info","message":"[BullMQ] Scraping Queue & Worker berhasil diinisialisasi","port":6379,"service":"lelang-spk-backend","timestamp":"2026-07-14T19:28:12.850Z"}
{"level":"info","message":"⚙️  BullMQ Scraping Queue aktif (Redis port 6379)","service":"lelang-spk-backend","timestamp":"2026-07-14T19:28:12.852Z"}
{"level":"info","message":"✅ Server & WebSocket berjalan di http://localhost:5000","service":"lelang-spk-backend","timestamp":"2026-07-14T19:28:12.852Z"}
{"level":"info","message":"📊 Environment: test","service":"lelang-spk-backend","timestamp":"2026-07-14T19:28:12.853Z"}
{"host":"127.0.0.1","level":"info","message":"[BullMQ] Scraping Queue & Worker berhasil diinisialisasi","port":6379,"service":"lelang-spk-backend","timestamp":"2026-07-14T19:29:34.375Z"}
{"level":"info","message":"⚙️  BullMQ Scraping Queue aktif (Redis port 6379)","service":"lelang-spk-backend","timestamp":"2026-07-14T19:29:34.377Z"}
{"level":"info","message":"✅ Server & WebSocket berjalan di http://localhost:5000","service":"lelang-spk-backend","timestamp":"2026-07-14T19:29:34.379Z"}
{"level":"info","message":"📊 Environment: test","service":"lelang-spk-backend","timestamp":"2026-07-14T19:29:34.379Z"}
{"correlationId":"corr-1784057379539-80kov6zm4","errorStack":"Error: Aset tidak ditemukan\n    at httpError (file:///C:/Users/McCrazy/Documents/kampus/TA/code/backend/src/services/penilaian.service.js:13:17)\n    at saveNilaiKriteria (file:///C:/Users/McCrazy/Documents/kampus/TA/code/backend/src/services/penilaian.service.js:141:20)\n    at async saveSellerNilaiKriteria (file:///C:/Users/McCrazy/Documents/kampus/TA/code/backend/src/controllers/penilaian.controller.js:55:5)","level":"error","message":"[API Error] Status 404: Aset tidak ditemukan","service":"lelang-spk-backend","status":404,"timestamp":"2026-07-14T19:29:39.540Z"}
{"correlationId":"corr-1784057379563-axaw6jusz","errorStack":"Error: Aset tidak ditemukan\n    at httpError (file:///C:/Users/McCrazy/Documents/kampus/TA/code/backend/src/services/penilaian.service.js:13:17)\n    at saveNilaiKriteria (file:///C:/Users/McCrazy/Documents/kampus/TA/code/backend/src/services/penilaian.service.js:141:20)\n    at async saveSellerNilaiKriteria (file:///C:/Users/McCrazy/Documents/kampus/TA/code/backend/src/controllers/penilaian.controller.js:55:5)","level":"error","message":"[API Error] Status 404: Aset tidak ditemukan","service":"lelang-spk-backend","status":404,"timestamp":"2026-07-14T19:29:39.564Z"}
{"correlationId":"corr-1784057379936-hv2ztlgx5","errorStack":"Error: Kriteria ID 15 tidak sesuai kategori aset ini\n    at httpError (file:///C:/Users/McCrazy/Documents/kampus/TA/code/backend/src/services/penilaian.service.js:13:17)\n    at file:///C:/Users/McCrazy/Documents/kampus/TA/code/backend/src/services/penilaian.service.js:108:13\n    at Array.forEach (<anonymous>)\n    at validateNilaiList (file:///C:/Users/McCrazy/Documents/kampus/TA/code/backend/src/services/penilaian.service.js:103:13)\n    at saveNilaiKriteria (file:///C:/Users/McCrazy/Documents/kampus/TA/code/backend/src/services/penilaian.service.js:146:27)\n    at async saveSellerNilaiKriteria (file:///C:/Users/McCrazy/Documents/kampus/TA/code/backend/src/controllers/penilaian.controller.js:55:5)","level":"error","message":"[API Error] Status 400: Kriteria ID 15 tidak sesuai kategori aset ini","service":"lelang-spk-backend","status":400,"timestamp":"2026-07-14T19:29:39.937Z"}
{"host":"127.0.0.1","level":"info","message":"[BullMQ] Scraping Queue & Worker berhasil diinisialisasi","port":6379,"service":"lelang-spk-backend","timestamp":"2026-07-14T19:42:22.013Z"}
{"level":"info","message":"⚙️  BullMQ Scraping Queue aktif (Redis port 6379)","service":"lelang-spk-backend","timestamp":"2026-07-14T19:42:22.014Z"}
{"level":"info","message":"✅ Server & WebSocket berjalan di http://localhost:5000","service":"lelang-spk-backend","timestamp":"2026-07-14T19:42:22.014Z"}
{"level":"info","message":"📊 Environment: test","service":"lelang-spk-backend","timestamp":"2026-07-14T19:42:22.014Z"}
{"correlationId":"corr-1784058149053-ek9tg85t8","errorStack":"Error: nilai_list wajib diisi\n    at httpError (file:///C:/Users/McCrazy/Documents/kampus/TA/code/backend/src/services/penilaian.service.js:13:17)\n    at validateNilaiList (file:///C:/Users/McCrazy/Documents/kampus/TA/code/backend/src/services/penilaian.service.js:97:11)\n    at saveNilaiKriteria (file:///C:/Users/McCrazy/Documents/kampus/TA/code/backend/src/services/penilaian.service.js:146:27)\n    at async saveSellerNilaiKriteria (file:///C:/Users/McCrazy/Documents/kampus/TA/code/backend/src/controllers/penilaian.controller.js:55:5)","level":"error","message":"[API Error] Status 400: nilai_list wajib diisi","service":"lelang-spk-backend","status":400,"timestamp":"2026-07-14T19:42:29.055Z"}
{"correlationId":"corr-1784058149109-l29h9hc4w","errorStack":"Error: Nilai kriteria harus berupa angka bulat 1 sampai 5\n    at httpError (file:///C:/Users/McCrazy/Documents/kampus/TA/code/backend/src/services/penilaian.service.js:13:17)\n    at file:///C:/Users/McCrazy/Documents/kampus/TA/code/backend/src/services/penilaian.service.js:111:13\n    at Array.forEach (<anonymous>)\n    at validateNilaiList (file:///C:/Users/McCrazy/Documents/kampus/TA/code/backend/src/services/penilaian.service.js:103:13)\n    at saveNilaiKriteria (file:///C:/Users/McCrazy/Documents/kampus/TA/code/backend/src/services/penilaian.service.js:146:27)\n    at async saveSellerNilaiKriteria (file:///C:/Users/McCrazy/Documents/kampus/TA/code/backend/src/controllers/penilaian.controller.js:55:5)","level":"error","message":"[API Error] Status 400: Nilai kriteria harus berupa angka bulat 1 sampai 5","service":"lelang-spk-backend","status":400,"timestamp":"2026-07-14T19:42:29.109Z"}
{"level":"info","message":"[SPK] SAW calculation for aset=\"Laptop Lenovo ThinkPad 2021\" (ID:124): rawPreference=0.9999990000000000, safePreference=0.999999","service":"lelang-spk-backend","timestamp":"2026-07-14T19:42:29.690Z"}
{"level":"info","message":"[SPK] SAW calculation for aset=\"iPhone 12 128GB\" (ID:125): rawPreference=0.7760340000000001, safePreference=0.776034","service":"lelang-spk-backend","timestamp":"2026-07-14T19:42:29.691Z"}
{"level":"info","message":"[SPK] SAW calculation for aset=\"Kamera Canon EOS 700D\" (ID:126): rawPreference=0.6516450000000000, safePreference=0.651645","service":"lelang-spk-backend","timestamp":"2026-07-14T19:42:29.692Z"}
{"correlationId":"corr-1784058149719-dp01y698c","errorStack":"Error: Total bobot harus sama dengan 1.\n    at httpError (file:///C:/Users/McCrazy/Documents/kampus/TA/code/backend/src/services/penilaian.service.js:13:17)\n    at calculateAndPersistSAWForAset (file:///C:/Users/McCrazy/Documents/kampus/TA/code/backend/src/services/penilaian.service.js:215:17)\n    at async hitungSellerSAW (file:///C:/Users/McCrazy/Documents/kampus/TA/code/backend/src/controllers/penilaian.controller.js:79:20)","level":"error","message":"[API Error] Status 422: Total bobot harus sama dengan 1.","service":"lelang-spk-backend","status":422,"timestamp":"2026-07-14T19:42:29.720Z"}
{"level":"info","message":"[SPK] SAW calculation for aset=\"Rumah Tipe 45/90\" (ID:118): rawPreference=0.8078199999999999, safePreference=0.807820","service":"lelang-spk-backend","timestamp":"2026-07-14T19:42:30.045Z"}
{"level":"info","message":"[SPK] SAW calculation for aset=\"Ruko 2 Lantai\" (ID:119): rawPreference=0.9209530000000001, safePreference=0.920953","service":"lelang-spk-backend","timestamp":"2026-07-14T19:42:30.045Z"}
{"level":"info","message":"[SPK] SAW calculation for aset=\"Tanah Kavling\" (ID:120): rawPreference=0.7026509999999999, safePreference=0.702651","service":"lelang-spk-backend","timestamp":"2026-07-14T19:42:30.045Z"}
{"level":"warn","message":"[SPK] FAULT_INJECTION_TC15: Transaction rollback triggered. correlationId=corr-1784058150053-gcmfia1nu","service":"lelang-spk-backend","timestamp":"2026-07-14T19:42:30.053Z"}
{"error":"Ekstensi file \".sh\" tidak diizinkan. Format yang diperbolehkan: PDF, JPG, PNG, WEBP, DOC, DOCX","level":"error","message":"[ADMS Controller] Upload Gagal","service":"lelang-spk-backend","timestamp":"2026-07-14T19:42:30.146Z"}
{"error":"Ekstensi file \".exe\" tidak diizinkan. Format yang diperbolehkan: PDF, JPG, PNG, WEBP, DOC, DOCX","level":"error","message":"[ADMS Controller] Upload Gagal","service":"lelang-spk-backend","timestamp":"2026-07-14T19:42:30.157Z"}
{"level":"info","message":"[SPK] SAW calculation for aset=\"Rumah Tipe 45/90\" (ID:118): rawPreference=0.8078199999999999, safePreference=0.807820","service":"lelang-spk-backend","timestamp":"2026-07-14T19:42:35.859Z"}
{"level":"info","message":"[SPK] SAW calculation for aset=\"Ruko 2 Lantai\" (ID:119): rawPreference=0.9209530000000001, safePreference=0.920953","service":"lelang-spk-backend","timestamp":"2026-07-14T19:42:35.955Z"}
{"level":"info","message":"[SPK] SAW calculation for aset=\"Tanah Kavling\" (ID:120): rawPreference=0.7026509999999999, safePreference=0.702651","service":"lelang-spk-backend","timestamp":"2026-07-14T19:42:35.987Z"}
{"level":"info","message":"[SPK] SAW calculation for aset=\"Toyota Avanza 2019\" (ID:121): rawPreference=0.7886159999999999, safePreference=0.788616","service":"lelang-spk-backend","timestamp":"2026-07-14T19:42:36.013Z"}
{"level":"info","message":"[SPK] SAW calculation for aset=\"Honda Beat 2021\" (ID:122): rawPreference=0.8218650000000000, safePreference=0.821865","service":"lelang-spk-backend","timestamp":"2026-07-14T19:42:36.032Z"}
{"level":"info","message":"[SPK] SAW calculation for aset=\"Mitsubishi Xpander 2018\" (ID:123): rawPreference=0.7474909999999999, safePreference=0.747491","service":"lelang-spk-backend","timestamp":"2026-07-14T19:42:36.056Z"}
{"level":"info","message":"[SPK] SAW calculation for aset=\"Laptop Lenovo ThinkPad 2021\" (ID:124): rawPreference=0.9999990000000000, safePreference=0.999999","service":"lelang-spk-backend","timestamp":"2026-07-14T19:42:36.079Z"}
{"level":"info","message":"[SPK] SAW calculation for aset=\"iPhone 12 128GB\" (ID:125): rawPreference=0.7760340000000001, safePreference=0.776034","service":"lelang-spk-backend","timestamp":"2026-07-14T19:42:36.101Z"}
{"level":"info","message":"[SPK] SAW calculation for aset=\"Kamera Canon EOS 700D\" (ID:126): rawPreference=0.6516450000000000, safePreference=0.651645","service":"lelang-spk-backend","timestamp":"2026-07-14T19:42:36.124Z"}
{"host":"127.0.0.1","level":"info","message":"[BullMQ] Scraping Queue & Worker berhasil diinisialisasi","port":6379,"service":"lelang-spk-backend","timestamp":"2026-07-14T19:44:01.470Z"}
{"level":"info","message":"⚙️  BullMQ Scraping Queue aktif (Redis port 6379)","service":"lelang-spk-backend","timestamp":"2026-07-14T19:44:01.471Z"}
{"level":"info","message":"✅ Server & WebSocket berjalan di http://localhost:5000","service":"lelang-spk-backend","timestamp":"2026-07-14T19:44:01.471Z"}
{"level":"info","message":"📊 Environment: test","service":"lelang-spk-backend","timestamp":"2026-07-14T19:44:01.472Z"}
{"correlationId":"corr-1784058248108-zqtmlhng4","errorStack":"Error: nilai_list wajib diisi\n    at httpError (file:///C:/Users/McCrazy/Documents/kampus/TA/code/backend/src/services/penilaian.service.js:13:17)\n    at validateNilaiList (file:///C:/Users/McCrazy/Documents/kampus/TA/code/backend/src/services/penilaian.service.js:97:11)\n    at saveNilaiKriteria (file:///C:/Users/McCrazy/Documents/kampus/TA/code/backend/src/services/penilaian.service.js:146:27)\n    at async saveSellerNilaiKriteria (file:///C:/Users/McCrazy/Documents/kampus/TA/code/backend/src/controllers/penilaian.controller.js:55:5)","level":"error","message":"[API Error] Status 400: nilai_list wajib diisi","service":"lelang-spk-backend","status":400,"timestamp":"2026-07-14T19:44:08.110Z"}
{"correlationId":"corr-1784058248163-u3t4kmb29","errorStack":"Error: Nilai kriteria harus berupa angka bulat 1 sampai 5\n    at httpError (file:///C:/Users/McCrazy/Documents/kampus/TA/code/backend/src/services/penilaian.service.js:13:17)\n    at file:///C:/Users/McCrazy/Documents/kampus/TA/code/backend/src/services/penilaian.service.js:111:13\n    at Array.forEach (<anonymous>)\n    at validateNilaiList (file:///C:/Users/McCrazy/Documents/kampus/TA/code/backend/src/services/penilaian.service.js:103:13)\n    at saveNilaiKriteria (file:///C:/Users/McCrazy/Documents/kampus/TA/code/backend/src/services/penilaian.service.js:146:27)\n    at async saveSellerNilaiKriteria (file:///C:/Users/McCrazy/Documents/kampus/TA/code/backend/src/controllers/penilaian.controller.js:55:5)","level":"error","message":"[API Error] Status 400: Nilai kriteria harus berupa angka bulat 1 sampai 5","service":"lelang-spk-backend","status":400,"timestamp":"2026-07-14T19:44:08.164Z"}
{"level":"info","message":"[SPK] SAW calculation for aset=\"Laptop Lenovo ThinkPad 2021\" (ID:138): rawPreference=0.9999990000000000, safePreference=0.999999","service":"lelang-spk-backend","timestamp":"2026-07-14T19:44:08.659Z"}
{"level":"info","message":"[SPK] SAW calculation for aset=\"iPhone 12 128GB\" (ID:139): rawPreference=0.7760340000000001, safePreference=0.776034","service":"lelang-spk-backend","timestamp":"2026-07-14T19:44:08.660Z"}
{"level":"info","message":"[SPK] SAW calculation for aset=\"Kamera Canon EOS 700D\" (ID:140): rawPreference=0.6516450000000000, safePreference=0.651645","service":"lelang-spk-backend","timestamp":"2026-07-14T19:44:08.660Z"}
{"correlationId":"corr-1784058248686-7hnaknlyb","errorStack":"Error: Total bobot harus sama dengan 1.\n    at httpError (file:///C:/Users/McCrazy/Documents/kampus/TA/code/backend/src/services/penilaian.service.js:13:17)\n    at calculateAndPersistSAWForAset (file:///C:/Users/McCrazy/Documents/kampus/TA/code/backend/src/services/penilaian.service.js:215:17)\n    at async hitungSellerSAW (file:///C:/Users/McCrazy/Documents/kampus/TA/code/backend/src/controllers/penilaian.controller.js:79:20)","level":"error","message":"[API Error] Status 422: Total bobot harus sama dengan 1.","service":"lelang-spk-backend","status":422,"timestamp":"2026-07-14T19:44:08.686Z"}
{"level":"info","message":"[SPK] SAW calculation for aset=\"Rumah Tipe 45/90\" (ID:132): rawPreference=0.8078199999999999, safePreference=0.807820","service":"lelang-spk-backend","timestamp":"2026-07-14T19:44:08.992Z"}
{"level":"info","message":"[SPK] SAW calculation for aset=\"Ruko 2 Lantai\" (ID:133): rawPreference=0.9209530000000001, safePreference=0.920953","service":"lelang-spk-backend","timestamp":"2026-07-14T19:44:08.992Z"}
{"level":"info","message":"[SPK] SAW calculation for aset=\"Tanah Kavling\" (ID:134): rawPreference=0.7026509999999999, safePreference=0.702651","service":"lelang-spk-backend","timestamp":"2026-07-14T19:44:08.992Z"}
{"level":"warn","message":"[SPK] FAULT_INJECTION_TC15: Transaction rollback triggered. correlationId=corr-1784058248999-j1he2gl5w","service":"lelang-spk-backend","timestamp":"2026-07-14T19:44:09.000Z"}
{"error":"Ekstensi file \".sh\" tidak diizinkan. Format yang diperbolehkan: PDF, JPG, PNG, WEBP, DOC, DOCX","level":"error","message":"[ADMS Controller] Upload Gagal","service":"lelang-spk-backend","timestamp":"2026-07-14T19:44:09.091Z"}
{"error":"Ekstensi file \".exe\" tidak diizinkan. Format yang diperbolehkan: PDF, JPG, PNG, WEBP, DOC, DOCX","level":"error","message":"[ADMS Controller] Upload Gagal","service":"lelang-spk-backend","timestamp":"2026-07-14T19:44:09.104Z"}
{"level":"info","message":"[SPK] SAW calculation for aset=\"Rumah Tipe 45/90\" (ID:132): rawPreference=0.8078199999999999, safePreference=0.807820","service":"lelang-spk-backend","timestamp":"2026-07-14T19:44:14.786Z"}
{"level":"info","message":"[SPK] SAW calculation for aset=\"Ruko 2 Lantai\" (ID:133): rawPreference=0.9209530000000001, safePreference=0.920953","service":"lelang-spk-backend","timestamp":"2026-07-14T19:44:14.826Z"}
{"level":"info","message":"[SPK] SAW calculation for aset=\"Tanah Kavling\" (ID:134): rawPreference=0.7026509999999999, safePreference=0.702651","service":"lelang-spk-backend","timestamp":"2026-07-14T19:44:14.851Z"}
{"level":"info","message":"[SPK] SAW calculation for aset=\"Toyota Avanza 2019\" (ID:135): rawPreference=0.7886159999999999, safePreference=0.788616","service":"lelang-spk-backend","timestamp":"2026-07-14T19:44:14.877Z"}
{"level":"info","message":"[SPK] SAW calculation for aset=\"Honda Beat 2021\" (ID:136): rawPreference=0.8218650000000000, safePreference=0.821865","service":"lelang-spk-backend","timestamp":"2026-07-14T19:44:14.900Z"}
{"level":"info","message":"[SPK] SAW calculation for aset=\"Mitsubishi Xpander 2018\" (ID:137): rawPreference=0.7474909999999999, safePreference=0.747491","service":"lelang-spk-backend","timestamp":"2026-07-14T19:44:14.924Z"}
{"level":"info","message":"[SPK] SAW calculation for aset=\"Laptop Lenovo ThinkPad 2021\" (ID:138): rawPreference=0.9999990000000000, safePreference=0.999999","service":"lelang-spk-backend","timestamp":"2026-07-14T19:44:14.948Z"}
{"level":"info","message":"[SPK] SAW calculation for aset=\"iPhone 12 128GB\" (ID:139): rawPreference=0.7760340000000001, safePreference=0.776034","service":"lelang-spk-backend","timestamp":"2026-07-14T19:44:14.974Z"}
{"level":"info","message":"[SPK] SAW calculation for aset=\"Kamera Canon EOS 700D\" (ID:140): rawPreference=0.6516450000000000, safePreference=0.651645","service":"lelang-spk-backend","timestamp":"2026-07-14T19:44:14.997Z"}
